Archive member included to satisfy reference by file (symbol)

d:/quartus_prime/nios2eds/bin/gnu/h-x86_64-mingw32/bin/../lib/gcc/nios2-elf/5.3.0/mno-hw-mul\libgcc.a(lib2-divmod.o)
                              obj/default/source.o (__divsi3)
../Do_bsp/\libhal_bsp.a(alt_iic.o)
                              obj/default/source.o (alt_ic_isr_register)
../Do_bsp/\libhal_bsp.a(alt_iic_isr_register.o)
                              ../Do_bsp/\libhal_bsp.a(alt_iic.o) (alt_iic_isr_register)
../Do_bsp/\libhal_bsp.a(alt_irq_entry.o)
                              ../Do_bsp/\libhal_bsp.a(alt_iic_isr_register.o) (alt_irq_entry)
../Do_bsp/\libhal_bsp.a(alt_irq_handler.o)
                              ../Do_bsp/\libhal_bsp.a(alt_iic_isr_register.o) (alt_irq)
../Do_bsp/\libhal_bsp.a(alt_irq_vars.o)
                              ../Do_bsp/\libhal_bsp.a(alt_iic.o) (alt_irq_active)
../Do_bsp/\libhal_bsp.a(alt_load.o)
                              ../Do_bsp//obj/HAL/src/crt0.o (alt_load)
../Do_bsp/\libhal_bsp.a(alt_main.o)
                              ../Do_bsp//obj/HAL/src/crt0.o (alt_main)
../Do_bsp/\libhal_bsp.a(alt_usleep.o)
                              obj/default/source.o (usleep)
../Do_bsp/\libhal_bsp.a(alt_sys_init.o)
                              ../Do_bsp/\libhal_bsp.a(alt_main.o) (alt_irq_init)
../Do_bsp/\libhal_bsp.a(altera_avalon_jtag_uart_fd.o)
                              ../Do_bsp/\libhal_bsp.a(alt_sys_init.o) (altera_avalon_jtag_uart_read_fd)
../Do_bsp/\libhal_bsp.a(altera_avalon_jtag_uart_read.o)
                              ../Do_bsp/\libhal_bsp.a(altera_avalon_jtag_uart_fd.o) (altera_avalon_jtag_uart_read)
../Do_bsp/\libhal_bsp.a(altera_avalon_jtag_uart_write.o)
                              ../Do_bsp/\libhal_bsp.a(altera_avalon_jtag_uart_fd.o) (altera_avalon_jtag_uart_write)
../Do_bsp/\libhal_bsp.a(altera_avalon_timer_sc.o)
                              ../Do_bsp/\libhal_bsp.a(alt_sys_init.o) (alt_avalon_timer_sc_init)
../Do_bsp/\libhal_bsp.a(alt_busy_sleep.o)
                              ../Do_bsp/\libhal_bsp.a(alt_usleep.o) (alt_busy_sleep)
../Do_bsp/\libhal_bsp.a(alt_close.o)
                              ../Do_bsp/\libhal_bsp.a(alt_main.o) (close)
../Do_bsp/\libhal_bsp.a(alt_dcache_flush_all.o)
                              ../Do_bsp/\libhal_bsp.a(alt_load.o) (alt_dcache_flush_all)
../Do_bsp/\libhal_bsp.a(alt_dev.o)
                              ../Do_bsp/\libhal_bsp.a(alt_sys_init.o) (alt_dev_list)
../Do_bsp/\libhal_bsp.a(alt_dev_llist_insert.o)
                              ../Do_bsp/\libhal_bsp.a(alt_sys_init.o) (alt_dev_llist_insert)
../Do_bsp/\libhal_bsp.a(alt_do_ctors.o)
                              ../Do_bsp/\libhal_bsp.a(alt_main.o) (_do_ctors)
../Do_bsp/\libhal_bsp.a(alt_do_dtors.o)
                              ../Do_bsp/\libhal_bsp.a(alt_main.o) (_do_dtors)
../Do_bsp/\libhal_bsp.a(alt_errno.o)
                              ../Do_bsp/\libhal_bsp.a(alt_close.o) (alt_errno)
../Do_bsp/\libhal_bsp.a(alt_exception_entry.o)
                              ../Do_bsp/\libhal_bsp.a(alt_irq_entry.o) (alt_exception)
../Do_bsp/\libhal_bsp.a(alt_icache_flush_all.o)
                              ../Do_bsp/\libhal_bsp.a(alt_load.o) (alt_icache_flush_all)
../Do_bsp/\libhal_bsp.a(alt_instruction_exception_entry.o)
                              ../Do_bsp/\libhal_bsp.a(alt_exception_entry.o) (alt_instruction_exception_entry)
../Do_bsp/\libhal_bsp.a(alt_io_redirect.o)
                              ../Do_bsp/\libhal_bsp.a(alt_main.o) (alt_io_redirect)
../Do_bsp/\libhal_bsp.a(alt_open.o)
                              ../Do_bsp/\libhal_bsp.a(alt_io_redirect.o) (open)
../Do_bsp/\libhal_bsp.a(alt_release_fd.o)
                              ../Do_bsp/\libhal_bsp.a(alt_close.o) (alt_release_fd)
../Do_bsp/\libhal_bsp.a(alt_tick.o)
                              ../Do_bsp/\libhal_bsp.a(altera_avalon_timer_sc.o) (_alt_tick_rate)
../Do_bsp/\libhal_bsp.a(altera_nios2_gen2_irq.o)
                              ../Do_bsp/\libhal_bsp.a(alt_sys_init.o) (altera_nios2_gen2_irq_init)
../Do_bsp/\libhal_bsp.a(alt_find_dev.o)
                              ../Do_bsp/\libhal_bsp.a(alt_open.o) (alt_find_dev)
../Do_bsp/\libhal_bsp.a(alt_find_file.o)
                              ../Do_bsp/\libhal_bsp.a(alt_open.o) (alt_find_file)
../Do_bsp/\libhal_bsp.a(alt_get_fd.o)
                              ../Do_bsp/\libhal_bsp.a(alt_open.o) (alt_get_fd)
d:/quartus_prime/nios2eds/bin/gnu/h-x86_64-mingw32/bin/../lib/gcc/nios2-elf/5.3.0/../../../../../H-x86_64-mingw32/nios2-elf/lib/mno-hw-mul\libsmallc.a(lib_a-atexit.o)
                              ../Do_bsp/\libhal_bsp.a(alt_main.o) (atexit)
d:/quartus_prime/nios2eds/bin/gnu/h-x86_64-mingw32/bin/../lib/gcc/nios2-elf/5.3.0/../../../../../H-x86_64-mingw32/nios2-elf/lib/mno-hw-mul\libsmallc.a(lib_a-exit.o)
                              ../Do_bsp/\libhal_bsp.a(alt_main.o) (exit)
d:/quartus_prime/nios2eds/bin/gnu/h-x86_64-mingw32/bin/../lib/gcc/nios2-elf/5.3.0/../../../../../H-x86_64-mingw32/nios2-elf/lib/mno-hw-mul\libsmallc.a(lib_a-int_errno.o)
                              ../Do_bsp/\libhal_bsp.a(alt_close.o) (errno)
d:/quartus_prime/nios2eds/bin/gnu/h-x86_64-mingw32/bin/../lib/gcc/nios2-elf/5.3.0/../../../../../H-x86_64-mingw32/nios2-elf/lib/mno-hw-mul\libsmallc.a(lib_a-memcmp.o)
                              ../Do_bsp/\libhal_bsp.a(alt_find_dev.o) (memcmp)
d:/quartus_prime/nios2eds/bin/gnu/h-x86_64-mingw32/bin/../lib/gcc/nios2-elf/5.3.0/../../../../../H-x86_64-mingw32/nios2-elf/lib/mno-hw-mul\libsmallc.a(lib_a-strlen.o)
                              ../Do_bsp/\libhal_bsp.a(alt_find_dev.o) (strlen)
d:/quartus_prime/nios2eds/bin/gnu/h-x86_64-mingw32/bin/../lib/gcc/nios2-elf/5.3.0/../../../../../H-x86_64-mingw32/nios2-elf/lib/mno-hw-mul\libsmallc.a(lib_a-__atexit.o)
                              d:/quartus_prime/nios2eds/bin/gnu/h-x86_64-mingw32/bin/../lib/gcc/nios2-elf/5.3.0/../../../../../H-x86_64-mingw32/nios2-elf/lib/mno-hw-mul\libsmallc.a(lib_a-atexit.o) (__register_exitproc)
d:/quartus_prime/nios2eds/bin/gnu/h-x86_64-mingw32/bin/../lib/gcc/nios2-elf/5.3.0/../../../../../H-x86_64-mingw32/nios2-elf/lib/mno-hw-mul\libsmallc.a(lib_a-__call_atexit.o)
                              d:/quartus_prime/nios2eds/bin/gnu/h-x86_64-mingw32/bin/../lib/gcc/nios2-elf/5.3.0/../../../../../H-x86_64-mingw32/nios2-elf/lib/mno-hw-mul\libsmallc.a(lib_a-exit.o) (__call_exitprocs)
d:/quartus_prime/nios2eds/bin/gnu/h-x86_64-mingw32/bin/../lib/gcc/nios2-elf/5.3.0/../../../../../H-x86_64-mingw32/nios2-elf/lib/mno-hw-mul\libsmallc.a(lib_a-impure.o)
                              d:/quartus_prime/nios2eds/bin/gnu/h-x86_64-mingw32/bin/../lib/gcc/nios2-elf/5.3.0/../../../../../H-x86_64-mingw32/nios2-elf/lib/mno-hw-mul\libsmallc.a(lib_a-__atexit.o) (_global_impure_ptr)
d:/quartus_prime/nios2eds/bin/gnu/h-x86_64-mingw32/bin/../lib/gcc/nios2-elf/5.3.0/mno-hw-mul\libgcc.a(lib2-mul.o)
                              ../Do_bsp/\libhal_bsp.a(alt_busy_sleep.o) (__mulsi3)
../Do_bsp/\libhal_bsp.a(alt_exit.o)
                              d:/quartus_prime/nios2eds/bin/gnu/h-x86_64-mingw32/bin/../lib/gcc/nios2-elf/5.3.0/../../../../../H-x86_64-mingw32/nios2-elf/lib/mno-hw-mul\libsmallc.a(lib_a-exit.o) (_exit)

Allocating common symbols
Common symbol       size              file

alt_irq             0x100             ../Do_bsp/\libhal_bsp.a(alt_irq_handler.o)
errno               0x4               d:/quartus_prime/nios2eds/bin/gnu/h-x86_64-mingw32/bin/../lib/gcc/nios2-elf/5.3.0/../../../../../H-x86_64-mingw32/nios2-elf/lib/mno-hw-mul\libsmallc.a(lib_a-int_errno.o)

Memory Configuration

Name             Origin             Length             Attributes
reset            0x0000000000008000 0x0000000000000020
onchip_memory2_0 0x0000000000008020 0x0000000000007fe0
*default*        0x0000000000000000 0xffffffffffffffff

Linker script and memory map

LOAD ../Do_bsp//obj/HAL/src/crt0.o
LOAD obj/default/source.o
LOAD d:/quartus_prime/nios2eds/bin/gnu/h-x86_64-mingw32/bin/../lib/gcc/nios2-elf/5.3.0/../../../../../H-x86_64-mingw32/nios2-elf/lib/mno-hw-mul\libstdc++.a
LOAD d:/quartus_prime/nios2eds/bin/gnu/h-x86_64-mingw32/bin/../lib/gcc/nios2-elf/5.3.0/../../../../../H-x86_64-mingw32/nios2-elf/lib/mno-hw-mul\libm.a
LOAD d:/quartus_prime/nios2eds/bin/gnu/h-x86_64-mingw32/bin/../lib/gcc/nios2-elf/5.3.0/mno-hw-mul\libgcc.a
START GROUP
LOAD d:/quartus_prime/nios2eds/bin/gnu/h-x86_64-mingw32/bin/../lib/gcc/nios2-elf/5.3.0/../../../../../H-x86_64-mingw32/nios2-elf/lib/mno-hw-mul\libsmallc.a
LOAD d:/quartus_prime/nios2eds/bin/gnu/h-x86_64-mingw32/bin/../lib/gcc/nios2-elf/5.3.0/mno-hw-mul\libgcc.a
LOAD ../Do_bsp/\libhal_bsp.a
LOAD d:/quartus_prime/nios2eds/bin/gnu/h-x86_64-mingw32/bin/../lib/gcc/nios2-elf/5.3.0/../../../../../H-x86_64-mingw32/nios2-elf/lib/mno-hw-mul\libm.a
END GROUP
LOAD d:/quartus_prime/nios2eds/bin/gnu/h-x86_64-mingw32/bin/../lib/gcc/nios2-elf/5.3.0/mno-hw-mul\libgcc.a
                0x0000000000008000                __alt_mem_onchip_memory2_0 = 0x8000

.entry          0x0000000000008000       0x20
 *(.entry)
 .entry         0x0000000000008000       0x20 ../Do_bsp//obj/HAL/src/crt0.o
                0x0000000000008000                __reset

.exceptions     0x0000000000008020      0x210
                0x0000000000008020                PROVIDE (__ram_exceptions_start, ABSOLUTE (.))
                0x0000000000008020                . = ALIGN (0x20)
 *(.irq)
 *(.exceptions.entry.label)
 .exceptions.entry.label
                0x0000000000008020        0x0 ../Do_bsp/\libhal_bsp.a(alt_irq_entry.o)
                0x0000000000008020                alt_irq_entry
 .exceptions.entry.label
                0x0000000000008020        0x0 ../Do_bsp/\libhal_bsp.a(alt_exception_entry.o)
                0x0000000000008020                alt_exception
 *(.exceptions.entry.user)
 *(.exceptions.entry.ecc_fatal)
 *(.exceptions.entry)
 .exceptions.entry
                0x0000000000008020       0x54 ../Do_bsp/\libhal_bsp.a(alt_exception_entry.o)
 *(.exceptions.irqtest.user)
 *(.exceptions.irqtest)
 .exceptions.irqtest
                0x0000000000008074       0x10 ../Do_bsp/\libhal_bsp.a(alt_irq_entry.o)
 *(.exceptions.irqhandler.user)
 *(.exceptions.irqhandler)
 .exceptions.irqhandler
                0x0000000000008084        0x4 ../Do_bsp/\libhal_bsp.a(alt_irq_entry.o)
 *(.exceptions.irqreturn.user)
 *(.exceptions.irqreturn)
 .exceptions.irqreturn
                0x0000000000008088        0x4 ../Do_bsp/\libhal_bsp.a(alt_irq_entry.o)
 *(.exceptions.notirq.label)
 .exceptions.notirq.label
                0x000000000000808c        0x0 ../Do_bsp/\libhal_bsp.a(alt_irq_entry.o)
 *(.exceptions.notirq.user)
 *(.exceptions.notirq)
 .exceptions.notirq
                0x000000000000808c        0x8 ../Do_bsp/\libhal_bsp.a(alt_exception_entry.o)
 *(.exceptions.soft.user)
 *(.exceptions.soft)
 *(.exceptions.unknown.user)
 *(.exceptions.unknown)
 .exceptions.unknown
                0x0000000000008094       0x14 ../Do_bsp/\libhal_bsp.a(alt_exception_entry.o)
 *(.exceptions.exit.label)
 .exceptions.exit.label
                0x00000000000080a8        0x0 ../Do_bsp/\libhal_bsp.a(alt_irq_entry.o)
 .exceptions.exit.label
                0x00000000000080a8        0x0 ../Do_bsp/\libhal_bsp.a(alt_exception_entry.o)
 *(.exceptions.exit.user)
 *(.exceptions.exit)
 .exceptions.exit
                0x00000000000080a8       0x54 ../Do_bsp/\libhal_bsp.a(alt_exception_entry.o)
 *(.exceptions)
 .exceptions    0x00000000000080fc       0xd4 ../Do_bsp/\libhal_bsp.a(alt_irq_handler.o)
                0x00000000000080fc                alt_irq_handler
 .exceptions    0x00000000000081d0       0x60 ../Do_bsp/\libhal_bsp.a(alt_instruction_exception_entry.o)
                0x00000000000081d0                alt_instruction_exception_entry
                0x0000000000008230                PROVIDE (__ram_exceptions_end, ABSOLUTE (.))
                0x0000000000008020                PROVIDE (__flash_exceptions_start, LOADADDR (.exceptions))

.text           0x0000000000008230     0x1f38
                [!provide]                        PROVIDE (stext, ABSOLUTE (.))
 *(.interp)
 *(.hash)
 *(.dynsym)
 *(.dynstr)
 *(.gnu.version)
 *(.gnu.version_d)
 *(.gnu.version_r)
 *(.rel.init)
 *(.rela.init)
 *(.rel.text .rel.text.* .rel.gnu.linkonce.t.*)
 *(.rela.text .rela.text.* .rela.gnu.linkonce.t.*)
 *(.rel.fini)
 *(.rela.fini)
 *(.rel.rodata .rel.rodata.* .rel.gnu.linkonce.r.*)
 *(.rela.rodata .rela.rodata.* .rela.gnu.linkonce.r.*)
 *(.rel.data .rel.data.* .rel.gnu.linkonce.d.*)
 *(.rela.data .rela.data.* .rela.gnu.linkonce.d.*)
 *(.rel.tdata .rel.tdata.* .rel.gnu.linkonce.td.*)
 *(.rela.tdata .rela.tdata.* .rela.gnu.linkonce.td.*)
 *(.rel.tbss .rel.tbss.* .rel.gnu.linkonce.tb.*)
 *(.rela.tbss .rela.tbss.* .rela.gnu.linkonce.tb.*)
 *(.rel.ctors)
 *(.rela.ctors)
 *(.rel.dtors)
 *(.rela.dtors)
 *(.rel.got)
 *(.rela.got)
 *(.rel.sdata .rel.sdata.* .rel.gnu.linkonce.s.*)
 *(.rela.sdata .rela.sdata.* .rela.gnu.linkonce.s.*)
 *(.rel.sbss .rel.sbss.* .rel.gnu.linkonce.sb.*)
 *(.rela.sbss .rela.sbss.* .rela.gnu.linkonce.sb.*)
 *(.rel.sdata2 .rel.sdata2.* .rel.gnu.linkonce.s2.*)
 *(.rela.sdata2 .rela.sdata2.* .rela.gnu.linkonce.s2.*)
 *(.rel.sbss2 .rel.sbss2.* .rel.gnu.linkonce.sb2.*)
 *(.rela.sbss2 .rela.sbss2.* .rela.gnu.linkonce.sb2.*)
 *(.rel.bss .rel.bss.* .rel.gnu.linkonce.b.*)
 *(.rela.bss .rela.bss.* .rela.gnu.linkonce.b.*)
 *(.rel.plt)
 *(.rela.plt)
 *(.rel.dyn)
 *(.init)
 *(.plt)
 *(.text .stub .text.* .gnu.linkonce.t.*)
 .text          0x0000000000008230       0x3c ../Do_bsp//obj/HAL/src/crt0.o
                0x0000000000008230                _start
 .text          0x000000000000826c      0x3c0 obj/default/source.o
                0x000000000000826c                update_clock_display
                0x00000000000083cc                Timer_IRQ_Handler
                0x0000000000008468                timer_Init
                0x00000000000084dc                main
 .text          0x000000000000862c      0x1b4 d:/quartus_prime/nios2eds/bin/gnu/h-x86_64-mingw32/bin/../lib/gcc/nios2-elf/5.3.0/mno-hw-mul\libgcc.a(lib2-divmod.o)
                0x000000000000862c                __divsi3
                0x00000000000086b0                __modsi3
                0x0000000000008724                __udivsi3
                0x0000000000008788                __umodsi3
 .text          0x00000000000087e0      0x1b0 ../Do_bsp/\libhal_bsp.a(alt_iic.o)
                0x00000000000087e0                alt_ic_isr_register
                0x0000000000008830                alt_ic_irq_enable
                0x00000000000088b8                alt_ic_irq_disable
                0x0000000000008944                alt_ic_irq_enabled
 .text          0x0000000000008990       0xf0 ../Do_bsp/\libhal_bsp.a(alt_iic_isr_register.o)
                0x0000000000008990                alt_iic_isr_register
 .text          0x0000000000008a80        0x0 ../Do_bsp/\libhal_bsp.a(alt_irq_entry.o)
 .text          0x0000000000008a80        0x0 ../Do_bsp/\libhal_bsp.a(alt_irq_handler.o)
 .text          0x0000000000008a80        0x0 ../Do_bsp/\libhal_bsp.a(alt_irq_vars.o)
 .text          0x0000000000008a80       0xec ../Do_bsp/\libhal_bsp.a(alt_load.o)
                0x0000000000008ae8                alt_load
 .text          0x0000000000008b6c       0x7c ../Do_bsp/\libhal_bsp.a(alt_main.o)
                0x0000000000008b6c                alt_main
 .text          0x0000000000008be8       0x30 ../Do_bsp/\libhal_bsp.a(alt_usleep.o)
                0x0000000000008be8                usleep
 .text          0x0000000000008c18       0xb8 ../Do_bsp/\libhal_bsp.a(alt_sys_init.o)
                0x0000000000008c4c                alt_irq_init
                0x0000000000008c84                alt_sys_init
 .text          0x0000000000008cd0       0xc0 ../Do_bsp/\libhal_bsp.a(altera_avalon_jtag_uart_fd.o)
                0x0000000000008cd0                altera_avalon_jtag_uart_read_fd
                0x0000000000008d30                altera_avalon_jtag_uart_write_fd
 .text          0x0000000000008d90       0xec ../Do_bsp/\libhal_bsp.a(altera_avalon_jtag_uart_read.o)
                0x0000000000008d90                altera_avalon_jtag_uart_read
 .text          0x0000000000008e7c       0x94 ../Do_bsp/\libhal_bsp.a(altera_avalon_jtag_uart_write.o)
                0x0000000000008e7c                altera_avalon_jtag_uart_write
 .text          0x0000000000008f10       0xf4 ../Do_bsp/\libhal_bsp.a(altera_avalon_timer_sc.o)
                0x0000000000008f88                alt_avalon_timer_sc_init
 .text          0x0000000000009004      0x158 ../Do_bsp/\libhal_bsp.a(alt_busy_sleep.o)
                0x0000000000009004                alt_busy_sleep
 .text          0x000000000000915c      0x114 ../Do_bsp/\libhal_bsp.a(alt_close.o)
                0x0000000000009198                close
 .text          0x0000000000009270       0x20 ../Do_bsp/\libhal_bsp.a(alt_dcache_flush_all.o)
                0x0000000000009270                alt_dcache_flush_all
 .text          0x0000000000009290       0x2c ../Do_bsp/\libhal_bsp.a(alt_dev.o)
 .text          0x00000000000092bc       0xe0 ../Do_bsp/\libhal_bsp.a(alt_dev_llist_insert.o)
                0x00000000000092f8                alt_dev_llist_insert
 .text          0x000000000000939c       0x60 ../Do_bsp/\libhal_bsp.a(alt_do_ctors.o)
                0x000000000000939c                _do_ctors
 .text          0x00000000000093fc       0x60 ../Do_bsp/\libhal_bsp.a(alt_do_dtors.o)
                0x00000000000093fc                _do_dtors
 .text          0x000000000000945c        0x0 ../Do_bsp/\libhal_bsp.a(alt_errno.o)
 .text          0x000000000000945c        0x0 ../Do_bsp/\libhal_bsp.a(alt_exception_entry.o)
 .text          0x000000000000945c       0x20 ../Do_bsp/\libhal_bsp.a(alt_icache_flush_all.o)
                0x000000000000945c                alt_icache_flush_all
 .text          0x000000000000947c       0x9c ../Do_bsp/\libhal_bsp.a(alt_instruction_exception_entry.o)
                0x000000000000947c                alt_exception_cause_generated_bad_addr
 .text          0x0000000000009518      0x160 ../Do_bsp/\libhal_bsp.a(alt_io_redirect.o)
                0x00000000000095fc                alt_io_redirect
 .text          0x0000000000009678      0x284 ../Do_bsp/\libhal_bsp.a(alt_open.o)
                0x00000000000097a0                open
 .text          0x00000000000098fc       0x84 ../Do_bsp/\libhal_bsp.a(alt_release_fd.o)
                0x00000000000098fc                alt_release_fd
 .text          0x0000000000009980      0x1a4 ../Do_bsp/\libhal_bsp.a(alt_tick.o)
                0x0000000000009980                alt_alarm_stop
                0x0000000000009a1c                alt_tick
 .text          0x0000000000009b24       0x24 ../Do_bsp/\libhal_bsp.a(altera_nios2_gen2_irq.o)
                0x0000000000009b24                altera_nios2_gen2_irq_init
 .text          0x0000000000009b48       0x90 ../Do_bsp/\libhal_bsp.a(alt_find_dev.o)
                0x0000000000009b48                alt_find_dev
 .text          0x0000000000009bd8      0x108 ../Do_bsp/\libhal_bsp.a(alt_find_file.o)
                0x0000000000009bd8                alt_find_file
 .text          0x0000000000009ce0       0xc4 ../Do_bsp/\libhal_bsp.a(alt_get_fd.o)
                0x0000000000009ce0                alt_get_fd
 .text          0x0000000000009da4        0x0 d:/quartus_prime/nios2eds/bin/gnu/h-x86_64-mingw32/bin/../lib/gcc/nios2-elf/5.3.0/../../../../../H-x86_64-mingw32/nios2-elf/lib/mno-hw-mul\libsmallc.a(lib_a-atexit.o)
 .text.atexit   0x0000000000009da4       0x14 d:/quartus_prime/nios2eds/bin/gnu/h-x86_64-mingw32/bin/../lib/gcc/nios2-elf/5.3.0/../../../../../H-x86_64-mingw32/nios2-elf/lib/mno-hw-mul\libsmallc.a(lib_a-atexit.o)
                0x0000000000009da4                atexit
 .text          0x0000000000009db8        0x0 d:/quartus_prime/nios2eds/bin/gnu/h-x86_64-mingw32/bin/../lib/gcc/nios2-elf/5.3.0/../../../../../H-x86_64-mingw32/nios2-elf/lib/mno-hw-mul\libsmallc.a(lib_a-exit.o)
 .text.exit     0x0000000000009db8       0x20 d:/quartus_prime/nios2eds/bin/gnu/h-x86_64-mingw32/bin/../lib/gcc/nios2-elf/5.3.0/../../../../../H-x86_64-mingw32/nios2-elf/lib/mno-hw-mul\libsmallc.a(lib_a-exit.o)
                0x0000000000009db8                exit
 .text          0x0000000000009dd8        0x0 d:/quartus_prime/nios2eds/bin/gnu/h-x86_64-mingw32/bin/../lib/gcc/nios2-elf/5.3.0/../../../../../H-x86_64-mingw32/nios2-elf/lib/mno-hw-mul\libsmallc.a(lib_a-int_errno.o)
 .text          0x0000000000009dd8        0x0 d:/quartus_prime/nios2eds/bin/gnu/h-x86_64-mingw32/bin/../lib/gcc/nios2-elf/5.3.0/../../../../../H-x86_64-mingw32/nios2-elf/lib/mno-hw-mul\libsmallc.a(lib_a-memcmp.o)
 .text.memcmp   0x0000000000009dd8       0x30 d:/quartus_prime/nios2eds/bin/gnu/h-x86_64-mingw32/bin/../lib/gcc/nios2-elf/5.3.0/../../../../../H-x86_64-mingw32/nios2-elf/lib/mno-hw-mul\libsmallc.a(lib_a-memcmp.o)
                0x0000000000009dd8                memcmp
 .text          0x0000000000009e08        0x0 d:/quartus_prime/nios2eds/bin/gnu/h-x86_64-mingw32/bin/../lib/gcc/nios2-elf/5.3.0/../../../../../H-x86_64-mingw32/nios2-elf/lib/mno-hw-mul\libsmallc.a(lib_a-strlen.o)
 .text.strlen   0x0000000000009e08       0x1c d:/quartus_prime/nios2eds/bin/gnu/h-x86_64-mingw32/bin/../lib/gcc/nios2-elf/5.3.0/../../../../../H-x86_64-mingw32/nios2-elf/lib/mno-hw-mul\libsmallc.a(lib_a-strlen.o)
                0x0000000000009e08                strlen
 .text          0x0000000000009e24        0x0 d:/quartus_prime/nios2eds/bin/gnu/h-x86_64-mingw32/bin/../lib/gcc/nios2-elf/5.3.0/../../../../../H-x86_64-mingw32/nios2-elf/lib/mno-hw-mul\libsmallc.a(lib_a-__atexit.o)
 .text.__register_exitproc
                0x0000000000009e24      0x158 d:/quartus_prime/nios2eds/bin/gnu/h-x86_64-mingw32/bin/../lib/gcc/nios2-elf/5.3.0/../../../../../H-x86_64-mingw32/nios2-elf/lib/mno-hw-mul\libsmallc.a(lib_a-__atexit.o)
                0x0000000000009e24                __register_exitproc
 .text          0x0000000000009f7c        0x0 d:/quartus_prime/nios2eds/bin/gnu/h-x86_64-mingw32/bin/../lib/gcc/nios2-elf/5.3.0/../../../../../H-x86_64-mingw32/nios2-elf/lib/mno-hw-mul\libsmallc.a(lib_a-__call_atexit.o)
 .text.__call_exitprocs
                0x0000000000009f7c      0x190 d:/quartus_prime/nios2eds/bin/gnu/h-x86_64-mingw32/bin/../lib/gcc/nios2-elf/5.3.0/../../../../../H-x86_64-mingw32/nios2-elf/lib/mno-hw-mul\libsmallc.a(lib_a-__call_atexit.o)
                0x0000000000009f7c                __call_exitprocs
 .text          0x000000000000a10c        0x0 d:/quartus_prime/nios2eds/bin/gnu/h-x86_64-mingw32/bin/../lib/gcc/nios2-elf/5.3.0/../../../../../H-x86_64-mingw32/nios2-elf/lib/mno-hw-mul\libsmallc.a(lib_a-impure.o)
 .text          0x000000000000a10c       0x28 d:/quartus_prime/nios2eds/bin/gnu/h-x86_64-mingw32/bin/../lib/gcc/nios2-elf/5.3.0/mno-hw-mul\libgcc.a(lib2-mul.o)
                0x000000000000a10c                __mulsi3
 .text          0x000000000000a134       0x34 ../Do_bsp/\libhal_bsp.a(alt_exit.o)
                0x000000000000a134                _exit
 *(.gnu.warning.*)
 *(.fini)
                [!provide]                        PROVIDE (__etext, ABSOLUTE (.))
                [!provide]                        PROVIDE (_etext, ABSOLUTE (.))
                [!provide]                        PROVIDE (etext, ABSOLUTE (.))
 *(.eh_frame_hdr)
                0x000000000000a168                . = ALIGN (0x4)
                [!provide]                        PROVIDE (__preinit_array_start, ABSOLUTE (.))
 *(.preinit_array)
                [!provide]                        PROVIDE (__preinit_array_end, ABSOLUTE (.))
                [!provide]                        PROVIDE (__init_array_start, ABSOLUTE (.))
 *(.init_array)
                [!provide]                        PROVIDE (__init_array_end, ABSOLUTE (.))
                [!provide]                        PROVIDE (__fini_array_start, ABSOLUTE (.))
 *(.fini_array)
                [!provide]                        PROVIDE (__fini_array_end, ABSOLUTE (.))
 *(.eh_frame)
 *(.gcc_except_table .gcc_except_table.*)
 *(.dynamic)
                0x000000000000a168                PROVIDE (__CTOR_LIST__, ABSOLUTE (.))
 *(.ctors)
 *(SORT(.ctors.*))
                0x000000000000a168                PROVIDE (__CTOR_END__, ABSOLUTE (.))
                0x000000000000a168                PROVIDE (__DTOR_LIST__, ABSOLUTE (.))
 *(.dtors)
 *(SORT(.dtors.*))
                0x000000000000a168                PROVIDE (__DTOR_END__, ABSOLUTE (.))
 *(.jcr)
                0x000000000000a168                . = ALIGN (0x4)

.rodata         0x000000000000a168       0x34
                0x000000000000a168                PROVIDE (__ram_rodata_start, ABSOLUTE (.))
                0x000000000000a168                . = ALIGN (0x4)
 *(.rodata .rodata.* .gnu.linkonce.r.*)
 .rodata        0x000000000000a168       0x11 ../Do_bsp/\libhal_bsp.a(alt_main.o)
 *fill*         0x000000000000a179        0x3 
 .rodata        0x000000000000a17c       0x11 ../Do_bsp/\libhal_bsp.a(alt_sys_init.o)
 *fill*         0x000000000000a18d        0x3 
 .rodata        0x000000000000a190        0xa ../Do_bsp/\libhal_bsp.a(alt_dev.o)
 *(.rodata1)
                0x000000000000a19c                . = ALIGN (0x4)
 *fill*         0x000000000000a19a        0x2 
                0x000000000000a19c                PROVIDE (__ram_rodata_end, ABSOLUTE (.))
                0x000000000000a168                PROVIDE (__flash_rodata_start, LOADADDR (.rodata))

.rwdata         0x000000000000a19c      0x2f0 load address 0x000000000000a48c
                0x000000000000a19c                PROVIDE (__ram_rwdata_start, ABSOLUTE (.))
                0x000000000000a19c                . = ALIGN (0x4)
 *(.got.plt)
 *(.got)
 *(.data1)
 *(.data .data.* .gnu.linkonce.d.*)
 .data          0x000000000000a19c        0x0 ../Do_bsp//obj/HAL/src/crt0.o
 .data          0x000000000000a19c        0xa obj/default/source.o
                0x000000000000a19c                table
 .data          0x000000000000a1a6        0x0 d:/quartus_prime/nios2eds/bin/gnu/h-x86_64-mingw32/bin/../lib/gcc/nios2-elf/5.3.0/mno-hw-mul\libgcc.a(lib2-divmod.o)
 .data          0x000000000000a1a6        0x0 ../Do_bsp/\libhal_bsp.a(alt_iic.o)
 .data          0x000000000000a1a6        0x0 ../Do_bsp/\libhal_bsp.a(alt_iic_isr_register.o)
 .data          0x000000000000a1a6        0x0 ../Do_bsp/\libhal_bsp.a(alt_irq_entry.o)
 .data          0x000000000000a1a6        0x0 ../Do_bsp/\libhal_bsp.a(alt_irq_handler.o)
 .data          0x000000000000a1a6        0x0 ../Do_bsp/\libhal_bsp.a(alt_irq_vars.o)
 .data          0x000000000000a1a6        0x0 ../Do_bsp/\libhal_bsp.a(alt_load.o)
 .data          0x000000000000a1a6        0x0 ../Do_bsp/\libhal_bsp.a(alt_main.o)
 .data          0x000000000000a1a6        0x0 ../Do_bsp/\libhal_bsp.a(alt_usleep.o)
 *fill*         0x000000000000a1a6        0x2 
 .data          0x000000000000a1a8       0x2c ../Do_bsp/\libhal_bsp.a(alt_sys_init.o)
 .data          0x000000000000a1d4        0x0 ../Do_bsp/\libhal_bsp.a(altera_avalon_jtag_uart_fd.o)
 .data          0x000000000000a1d4        0x0 ../Do_bsp/\libhal_bsp.a(altera_avalon_jtag_uart_read.o)
 .data          0x000000000000a1d4        0x0 ../Do_bsp/\libhal_bsp.a(altera_avalon_jtag_uart_write.o)
 .data          0x000000000000a1d4        0x0 ../Do_bsp/\libhal_bsp.a(altera_avalon_timer_sc.o)
 .data          0x000000000000a1d4        0x0 ../Do_bsp/\libhal_bsp.a(alt_busy_sleep.o)
 .data          0x000000000000a1d4        0x0 ../Do_bsp/\libhal_bsp.a(alt_close.o)
 .data          0x000000000000a1d4        0x0 ../Do_bsp/\libhal_bsp.a(alt_dcache_flush_all.o)
 .data          0x000000000000a1d4      0x1a8 ../Do_bsp/\libhal_bsp.a(alt_dev.o)
                0x000000000000a1d4                alt_dev_null
                0x000000000000a1fc                alt_fd_list
 .data          0x000000000000a37c        0x0 ../Do_bsp/\libhal_bsp.a(alt_dev_llist_insert.o)
 .data          0x000000000000a37c        0x0 ../Do_bsp/\libhal_bsp.a(alt_do_ctors.o)
 .data          0x000000000000a37c        0x0 ../Do_bsp/\libhal_bsp.a(alt_do_dtors.o)
 .data          0x000000000000a37c        0x0 ../Do_bsp/\libhal_bsp.a(alt_errno.o)
 .data          0x000000000000a37c        0x0 ../Do_bsp/\libhal_bsp.a(alt_exception_entry.o)
 .data          0x000000000000a37c        0x0 ../Do_bsp/\libhal_bsp.a(alt_icache_flush_all.o)
 .data          0x000000000000a37c        0x0 ../Do_bsp/\libhal_bsp.a(alt_instruction_exception_entry.o)
 .data          0x000000000000a37c        0x0 ../Do_bsp/\libhal_bsp.a(alt_io_redirect.o)
 .data          0x000000000000a37c        0x0 ../Do_bsp/\libhal_bsp.a(alt_open.o)
 .data          0x000000000000a37c        0x0 ../Do_bsp/\libhal_bsp.a(alt_release_fd.o)
 .data          0x000000000000a37c        0x0 ../Do_bsp/\libhal_bsp.a(alt_tick.o)
 .data          0x000000000000a37c        0x0 ../Do_bsp/\libhal_bsp.a(altera_nios2_gen2_irq.o)
 .data          0x000000000000a37c        0x0 ../Do_bsp/\libhal_bsp.a(alt_find_dev.o)
 .data          0x000000000000a37c        0x0 ../Do_bsp/\libhal_bsp.a(alt_find_file.o)
 .data          0x000000000000a37c        0x0 ../Do_bsp/\libhal_bsp.a(alt_get_fd.o)
 .data          0x000000000000a37c        0x0 d:/quartus_prime/nios2eds/bin/gnu/h-x86_64-mingw32/bin/../lib/gcc/nios2-elf/5.3.0/../../../../../H-x86_64-mingw32/nios2-elf/lib/mno-hw-mul\libsmallc.a(lib_a-atexit.o)
 .data          0x000000000000a37c        0x0 d:/quartus_prime/nios2eds/bin/gnu/h-x86_64-mingw32/bin/../lib/gcc/nios2-elf/5.3.0/../../../../../H-x86_64-mingw32/nios2-elf/lib/mno-hw-mul\libsmallc.a(lib_a-exit.o)
 .data          0x000000000000a37c        0x0 d:/quartus_prime/nios2eds/bin/gnu/h-x86_64-mingw32/bin/../lib/gcc/nios2-elf/5.3.0/../../../../../H-x86_64-mingw32/nios2-elf/lib/mno-hw-mul\libsmallc.a(lib_a-int_errno.o)
 .data          0x000000000000a37c        0x0 d:/quartus_prime/nios2eds/bin/gnu/h-x86_64-mingw32/bin/../lib/gcc/nios2-elf/5.3.0/../../../../../H-x86_64-mingw32/nios2-elf/lib/mno-hw-mul\libsmallc.a(lib_a-memcmp.o)
 .data          0x000000000000a37c        0x0 d:/quartus_prime/nios2eds/bin/gnu/h-x86_64-mingw32/bin/../lib/gcc/nios2-elf/5.3.0/../../../../../H-x86_64-mingw32/nios2-elf/lib/mno-hw-mul\libsmallc.a(lib_a-strlen.o)
 .data          0x000000000000a37c        0x0 d:/quartus_prime/nios2eds/bin/gnu/h-x86_64-mingw32/bin/../lib/gcc/nios2-elf/5.3.0/../../../../../H-x86_64-mingw32/nios2-elf/lib/mno-hw-mul\libsmallc.a(lib_a-__atexit.o)
 .data          0x000000000000a37c        0x0 d:/quartus_prime/nios2eds/bin/gnu/h-x86_64-mingw32/bin/../lib/gcc/nios2-elf/5.3.0/../../../../../H-x86_64-mingw32/nios2-elf/lib/mno-hw-mul\libsmallc.a(lib_a-__call_atexit.o)
 .data          0x000000000000a37c        0x0 d:/quartus_prime/nios2eds/bin/gnu/h-x86_64-mingw32/bin/../lib/gcc/nios2-elf/5.3.0/../../../../../H-x86_64-mingw32/nios2-elf/lib/mno-hw-mul\libsmallc.a(lib_a-impure.o)
 .data.impure_data
                0x000000000000a37c       0xe0 d:/quartus_prime/nios2eds/bin/gnu/h-x86_64-mingw32/bin/../lib/gcc/nios2-elf/5.3.0/../../../../../H-x86_64-mingw32/nios2-elf/lib/mno-hw-mul\libsmallc.a(lib_a-impure.o)
 .data          0x000000000000a45c        0x0 d:/quartus_prime/nios2eds/bin/gnu/h-x86_64-mingw32/bin/../lib/gcc/nios2-elf/5.3.0/mno-hw-mul\libgcc.a(lib2-mul.o)
 .data          0x000000000000a45c        0x0 ../Do_bsp/\libhal_bsp.a(alt_exit.o)
                0x000000000001245c                _gp = ABSOLUTE ((. + 0x8000))
                [!provide]                        PROVIDE (gp, _gp)
 *(.rwdata .rwdata.*)
 *(.sdata .sdata.* .gnu.linkonce.s.*)
 .sdata         0x000000000000a45c        0x4 obj/default/source.o
                0x000000000000a45c                clock_running
 .sdata         0x000000000000a460        0x4 ../Do_bsp/\libhal_bsp.a(alt_irq_vars.o)
                0x000000000000a460                alt_priority_mask
 .sdata         0x000000000000a464       0x14 ../Do_bsp/\libhal_bsp.a(alt_dev.o)
                0x000000000000a464                alt_fs_list
                0x000000000000a46c                alt_dev_list
                0x000000000000a474                alt_max_fd
 .sdata         0x000000000000a478        0x4 ../Do_bsp/\libhal_bsp.a(alt_errno.o)
                0x000000000000a478                alt_errno
 .sdata         0x000000000000a47c        0x8 ../Do_bsp/\libhal_bsp.a(alt_tick.o)
                0x000000000000a47c                alt_alarm_list
 .sdata._global_impure_ptr
                0x000000000000a484        0x4 d:/quartus_prime/nios2eds/bin/gnu/h-x86_64-mingw32/bin/../lib/gcc/nios2-elf/5.3.0/../../../../../H-x86_64-mingw32/nios2-elf/lib/mno-hw-mul\libsmallc.a(lib_a-impure.o)
                0x000000000000a484                _global_impure_ptr
 .sdata._impure_ptr
                0x000000000000a488        0x4 d:/quartus_prime/nios2eds/bin/gnu/h-x86_64-mingw32/bin/../lib/gcc/nios2-elf/5.3.0/../../../../../H-x86_64-mingw32/nios2-elf/lib/mno-hw-mul\libsmallc.a(lib_a-impure.o)
                0x000000000000a488                _impure_ptr
 *(.sdata2 .sdata2.* .gnu.linkonce.s2.*)
                0x000000000000a48c                . = ALIGN (0x4)
                0x000000000000a48c                _edata = ABSOLUTE (.)
                [!provide]                        PROVIDE (edata, ABSOLUTE (.))
                0x000000000000a48c                PROVIDE (__ram_rwdata_end, ABSOLUTE (.))
                0x000000000000a48c                PROVIDE (__flash_rwdata_start, LOADADDR (.rwdata))

.bss            0x000000000000a77c      0x130
                0x000000000000a77c                __bss_start = ABSOLUTE (.)
                [!provide]                        PROVIDE (__sbss_start, ABSOLUTE (.))
                [!provide]                        PROVIDE (___sbss_start, ABSOLUTE (.))
 *(.dynsbss)
 *(.sbss .sbss.* .gnu.linkonce.sb.*)
 .sbss          0x000000000000a77c       0x10 obj/default/source.o
                0x000000000000a77c                seconds
                0x000000000000a780                minutes
                0x000000000000a784                hours
                0x000000000000a788                last_sw_val
 .sbss          0x000000000000a78c        0x4 ../Do_bsp/\libhal_bsp.a(alt_irq_vars.o)
                0x000000000000a78c                alt_irq_active
 .sbss          0x000000000000a790        0xc ../Do_bsp/\libhal_bsp.a(alt_main.o)
                0x000000000000a790                alt_argc
                0x000000000000a794                alt_argv
                0x000000000000a798                alt_envp
 .sbss          0x000000000000a79c        0x4 ../Do_bsp/\libhal_bsp.a(alt_instruction_exception_entry.o)
                0x000000000000a79c                alt_instruction_exception_handler
 .sbss          0x000000000000a7a0        0x8 ../Do_bsp/\libhal_bsp.a(alt_tick.o)
                0x000000000000a7a0                _alt_tick_rate
                0x000000000000a7a4                _alt_nticks
 .sbss          0x000000000000a7a8        0x4 d:/quartus_prime/nios2eds/bin/gnu/h-x86_64-mingw32/bin/../lib/gcc/nios2-elf/5.3.0/../../../../../H-x86_64-mingw32/nios2-elf/lib/mno-hw-mul\libsmallc.a(lib_a-int_errno.o)
                0x000000000000a7a8                errno
 *(.sbss2 .sbss2.* .gnu.linkonce.sb2.*)
 *(.scommon)
                [!provide]                        PROVIDE (__sbss_end, ABSOLUTE (.))
                [!provide]                        PROVIDE (___sbss_end, ABSOLUTE (.))
 *(.dynbss)
 *(.bss .bss.* .gnu.linkonce.b.*)
 .bss           0x000000000000a7ac        0x0 ../Do_bsp//obj/HAL/src/crt0.o
 .bss           0x000000000000a7ac        0x0 obj/default/source.o
 .bss           0x000000000000a7ac        0x0 d:/quartus_prime/nios2eds/bin/gnu/h-x86_64-mingw32/bin/../lib/gcc/nios2-elf/5.3.0/mno-hw-mul\libgcc.a(lib2-divmod.o)
 .bss           0x000000000000a7ac        0x0 ../Do_bsp/\libhal_bsp.a(alt_iic.o)
 .bss           0x000000000000a7ac        0x0 ../Do_bsp/\libhal_bsp.a(alt_iic_isr_register.o)
 .bss           0x000000000000a7ac        0x0 ../Do_bsp/\libhal_bsp.a(alt_irq_entry.o)
 .bss           0x000000000000a7ac        0x0 ../Do_bsp/\libhal_bsp.a(alt_irq_handler.o)
 .bss           0x000000000000a7ac        0x0 ../Do_bsp/\libhal_bsp.a(alt_irq_vars.o)
 .bss           0x000000000000a7ac        0x0 ../Do_bsp/\libhal_bsp.a(alt_load.o)
 .bss           0x000000000000a7ac        0x0 ../Do_bsp/\libhal_bsp.a(alt_main.o)
 .bss           0x000000000000a7ac        0x0 ../Do_bsp/\libhal_bsp.a(alt_usleep.o)
 .bss           0x000000000000a7ac        0x0 ../Do_bsp/\libhal_bsp.a(alt_sys_init.o)
 .bss           0x000000000000a7ac        0x0 ../Do_bsp/\libhal_bsp.a(altera_avalon_jtag_uart_fd.o)
 .bss           0x000000000000a7ac        0x0 ../Do_bsp/\libhal_bsp.a(altera_avalon_jtag_uart_read.o)
 .bss           0x000000000000a7ac        0x0 ../Do_bsp/\libhal_bsp.a(altera_avalon_jtag_uart_write.o)
 .bss           0x000000000000a7ac        0x0 ../Do_bsp/\libhal_bsp.a(altera_avalon_timer_sc.o)
 .bss           0x000000000000a7ac        0x0 ../Do_bsp/\libhal_bsp.a(alt_busy_sleep.o)
 .bss           0x000000000000a7ac        0x0 ../Do_bsp/\libhal_bsp.a(alt_close.o)
 .bss           0x000000000000a7ac        0x0 ../Do_bsp/\libhal_bsp.a(alt_dcache_flush_all.o)
 .bss           0x000000000000a7ac        0x0 ../Do_bsp/\libhal_bsp.a(alt_dev.o)
 .bss           0x000000000000a7ac        0x0 ../Do_bsp/\libhal_bsp.a(alt_dev_llist_insert.o)
 .bss           0x000000000000a7ac        0x0 ../Do_bsp/\libhal_bsp.a(alt_do_ctors.o)
 .bss           0x000000000000a7ac        0x0 ../Do_bsp/\libhal_bsp.a(alt_do_dtors.o)
 .bss           0x000000000000a7ac        0x0 ../Do_bsp/\libhal_bsp.a(alt_errno.o)
 .bss           0x000000000000a7ac        0x0 ../Do_bsp/\libhal_bsp.a(alt_exception_entry.o)
 .bss           0x000000000000a7ac        0x0 ../Do_bsp/\libhal_bsp.a(alt_icache_flush_all.o)
 .bss           0x000000000000a7ac        0x0 ../Do_bsp/\libhal_bsp.a(alt_instruction_exception_entry.o)
 .bss           0x000000000000a7ac        0x0 ../Do_bsp/\libhal_bsp.a(alt_io_redirect.o)
 .bss           0x000000000000a7ac        0x0 ../Do_bsp/\libhal_bsp.a(alt_open.o)
 .bss           0x000000000000a7ac        0x0 ../Do_bsp/\libhal_bsp.a(alt_release_fd.o)
 .bss           0x000000000000a7ac        0x0 ../Do_bsp/\libhal_bsp.a(alt_tick.o)
 .bss           0x000000000000a7ac        0x0 ../Do_bsp/\libhal_bsp.a(altera_nios2_gen2_irq.o)
 .bss           0x000000000000a7ac        0x0 ../Do_bsp/\libhal_bsp.a(alt_find_dev.o)
 .bss           0x000000000000a7ac        0x0 ../Do_bsp/\libhal_bsp.a(alt_find_file.o)
 .bss           0x000000000000a7ac        0x0 ../Do_bsp/\libhal_bsp.a(alt_get_fd.o)
 .bss           0x000000000000a7ac        0x0 d:/quartus_prime/nios2eds/bin/gnu/h-x86_64-mingw32/bin/../lib/gcc/nios2-elf/5.3.0/../../../../../H-x86_64-mingw32/nios2-elf/lib/mno-hw-mul\libsmallc.a(lib_a-atexit.o)
 .bss           0x000000000000a7ac        0x0 d:/quartus_prime/nios2eds/bin/gnu/h-x86_64-mingw32/bin/../lib/gcc/nios2-elf/5.3.0/../../../../../H-x86_64-mingw32/nios2-elf/lib/mno-hw-mul\libsmallc.a(lib_a-exit.o)
 .bss           0x000000000000a7ac        0x0 d:/quartus_prime/nios2eds/bin/gnu/h-x86_64-mingw32/bin/../lib/gcc/nios2-elf/5.3.0/../../../../../H-x86_64-mingw32/nios2-elf/lib/mno-hw-mul\libsmallc.a(lib_a-int_errno.o)
 .bss           0x000000000000a7ac        0x0 d:/quartus_prime/nios2eds/bin/gnu/h-x86_64-mingw32/bin/../lib/gcc/nios2-elf/5.3.0/../../../../../H-x86_64-mingw32/nios2-elf/lib/mno-hw-mul\libsmallc.a(lib_a-memcmp.o)
 .bss           0x000000000000a7ac        0x0 d:/quartus_prime/nios2eds/bin/gnu/h-x86_64-mingw32/bin/../lib/gcc/nios2-elf/5.3.0/../../../../../H-x86_64-mingw32/nios2-elf/lib/mno-hw-mul\libsmallc.a(lib_a-strlen.o)
 .bss           0x000000000000a7ac        0x0 d:/quartus_prime/nios2eds/bin/gnu/h-x86_64-mingw32/bin/../lib/gcc/nios2-elf/5.3.0/../../../../../H-x86_64-mingw32/nios2-elf/lib/mno-hw-mul\libsmallc.a(lib_a-__atexit.o)
 .bss           0x000000000000a7ac        0x0 d:/quartus_prime/nios2eds/bin/gnu/h-x86_64-mingw32/bin/../lib/gcc/nios2-elf/5.3.0/../../../../../H-x86_64-mingw32/nios2-elf/lib/mno-hw-mul\libsmallc.a(lib_a-__call_atexit.o)
 .bss           0x000000000000a7ac        0x0 d:/quartus_prime/nios2eds/bin/gnu/h-x86_64-mingw32/bin/../lib/gcc/nios2-elf/5.3.0/../../../../../H-x86_64-mingw32/nios2-elf/lib/mno-hw-mul\libsmallc.a(lib_a-impure.o)
 .bss           0x000000000000a7ac        0x0 d:/quartus_prime/nios2eds/bin/gnu/h-x86_64-mingw32/bin/../lib/gcc/nios2-elf/5.3.0/mno-hw-mul\libgcc.a(lib2-mul.o)
 .bss           0x000000000000a7ac        0x0 ../Do_bsp/\libhal_bsp.a(alt_exit.o)
 *(COMMON)
 COMMON         0x000000000000a7ac      0x100 ../Do_bsp/\libhal_bsp.a(alt_irq_handler.o)
                0x000000000000a7ac                alt_irq
                0x000000000000a8ac                . = ALIGN (0x4)
                0x000000000000a8ac                __bss_end = ABSOLUTE (.)

.onchip_memory2_0
                0x000000000000a8ac        0x0
                [!provide]                        PROVIDE (_alt_partition_onchip_memory2_0_start, ABSOLUTE (.))
 *(.onchip_memory2_0 .onchip_memory2_0. onchip_memory2_0.*)
                0x000000000000a8ac                . = ALIGN (0x4)
                [!provide]                        PROVIDE (_alt_partition_onchip_memory2_0_end, ABSOLUTE (.))
                0x000000000000a8ac                _end = ABSOLUTE (.)
                0x000000000000a8ac                end = ABSOLUTE (.)
                0x000000000000a8ac                __alt_stack_base = ABSOLUTE (.)
                [!provide]                        PROVIDE (_alt_partition_onchip_memory2_0_load_addr, LOADADDR (.onchip_memory2_0))

.stab
 *(.stab)

.stabstr
 *(.stabstr)

.stab.excl
 *(.stab.excl)

.stab.exclstr
 *(.stab.exclstr)

.stab.index
 *(.stab.index)

.stab.indexstr
 *(.stab.indexstr)

.comment        0x0000000000000000       0x23
 *(.comment)
 .comment       0x0000000000000000       0x23 obj/default/source.o
                                         0x24 (size before relaxing)
 .comment       0x0000000000000023       0x24 d:/quartus_prime/nios2eds/bin/gnu/h-x86_64-mingw32/bin/../lib/gcc/nios2-elf/5.3.0/mno-hw-mul\libgcc.a(lib2-divmod.o)
 .comment       0x0000000000000023       0x24 ../Do_bsp/\libhal_bsp.a(alt_iic.o)
 .comment       0x0000000000000023       0x24 ../Do_bsp/\libhal_bsp.a(alt_iic_isr_register.o)
 .comment       0x0000000000000023       0x24 ../Do_bsp/\libhal_bsp.a(alt_irq_handler.o)
 .comment       0x0000000000000023       0x24 ../Do_bsp/\libhal_bsp.a(alt_irq_vars.o)
 .comment       0x0000000000000023       0x24 ../Do_bsp/\libhal_bsp.a(alt_load.o)
 .comment       0x0000000000000023       0x24 ../Do_bsp/\libhal_bsp.a(alt_main.o)
 .comment       0x0000000000000023       0x24 ../Do_bsp/\libhal_bsp.a(alt_usleep.o)
 .comment       0x0000000000000023       0x24 ../Do_bsp/\libhal_bsp.a(alt_sys_init.o)
 .comment       0x0000000000000023       0x24 ../Do_bsp/\libhal_bsp.a(altera_avalon_jtag_uart_fd.o)
 .comment       0x0000000000000023       0x24 ../Do_bsp/\libhal_bsp.a(altera_avalon_jtag_uart_read.o)
 .comment       0x0000000000000023       0x24 ../Do_bsp/\libhal_bsp.a(altera_avalon_jtag_uart_write.o)
 .comment       0x0000000000000023       0x24 ../Do_bsp/\libhal_bsp.a(altera_avalon_timer_sc.o)
 .comment       0x0000000000000023       0x24 ../Do_bsp/\libhal_bsp.a(alt_busy_sleep.o)
 .comment       0x0000000000000023       0x24 ../Do_bsp/\libhal_bsp.a(alt_close.o)
 .comment       0x0000000000000023       0x24 ../Do_bsp/\libhal_bsp.a(alt_dcache_flush_all.o)
 .comment       0x0000000000000023       0x24 ../Do_bsp/\libhal_bsp.a(alt_dev.o)
 .comment       0x0000000000000023       0x24 ../Do_bsp/\libhal_bsp.a(alt_dev_llist_insert.o)
 .comment       0x0000000000000023       0x24 ../Do_bsp/\libhal_bsp.a(alt_do_ctors.o)
 .comment       0x0000000000000023       0x24 ../Do_bsp/\libhal_bsp.a(alt_do_dtors.o)
 .comment       0x0000000000000023       0x24 ../Do_bsp/\libhal_bsp.a(alt_errno.o)
 .comment       0x0000000000000023       0x24 ../Do_bsp/\libhal_bsp.a(alt_icache_flush_all.o)
 .comment       0x0000000000000023       0x24 ../Do_bsp/\libhal_bsp.a(alt_instruction_exception_entry.o)
 .comment       0x0000000000000023       0x24 ../Do_bsp/\libhal_bsp.a(alt_io_redirect.o)
 .comment       0x0000000000000023       0x24 ../Do_bsp/\libhal_bsp.a(alt_open.o)
 .comment       0x0000000000000023       0x24 ../Do_bsp/\libhal_bsp.a(alt_release_fd.o)
 .comment       0x0000000000000023       0x24 ../Do_bsp/\libhal_bsp.a(alt_tick.o)
 .comment       0x0000000000000023       0x24 ../Do_bsp/\libhal_bsp.a(altera_nios2_gen2_irq.o)
 .comment       0x0000000000000023       0x24 ../Do_bsp/\libhal_bsp.a(alt_find_dev.o)
 .comment       0x0000000000000023       0x24 ../Do_bsp/\libhal_bsp.a(alt_find_file.o)
 .comment       0x0000000000000023       0x24 ../Do_bsp/\libhal_bsp.a(alt_get_fd.o)
 .comment       0x0000000000000023       0x24 d:/quartus_prime/nios2eds/bin/gnu/h-x86_64-mingw32/bin/../lib/gcc/nios2-elf/5.3.0/../../../../../H-x86_64-mingw32/nios2-elf/lib/mno-hw-mul\libsmallc.a(lib_a-atexit.o)
 .comment       0x0000000000000023       0x24 d:/quartus_prime/nios2eds/bin/gnu/h-x86_64-mingw32/bin/../lib/gcc/nios2-elf/5.3.0/../../../../../H-x86_64-mingw32/nios2-elf/lib/mno-hw-mul\libsmallc.a(lib_a-exit.o)
 .comment       0x0000000000000023       0x24 d:/quartus_prime/nios2eds/bin/gnu/h-x86_64-mingw32/bin/../lib/gcc/nios2-elf/5.3.0/../../../../../H-x86_64-mingw32/nios2-elf/lib/mno-hw-mul\libsmallc.a(lib_a-int_errno.o)
 .comment       0x0000000000000023       0x24 d:/quartus_prime/nios2eds/bin/gnu/h-x86_64-mingw32/bin/../lib/gcc/nios2-elf/5.3.0/../../../../../H-x86_64-mingw32/nios2-elf/lib/mno-hw-mul\libsmallc.a(lib_a-memcmp.o)
 .comment       0x0000000000000023       0x24 d:/quartus_prime/nios2eds/bin/gnu/h-x86_64-mingw32/bin/../lib/gcc/nios2-elf/5.3.0/../../../../../H-x86_64-mingw32/nios2-elf/lib/mno-hw-mul\libsmallc.a(lib_a-strlen.o)
 .comment       0x0000000000000023       0x24 d:/quartus_prime/nios2eds/bin/gnu/h-x86_64-mingw32/bin/../lib/gcc/nios2-elf/5.3.0/../../../../../H-x86_64-mingw32/nios2-elf/lib/mno-hw-mul\libsmallc.a(lib_a-__atexit.o)
 .comment       0x0000000000000023       0x24 d:/quartus_prime/nios2eds/bin/gnu/h-x86_64-mingw32/bin/../lib/gcc/nios2-elf/5.3.0/../../../../../H-x86_64-mingw32/nios2-elf/lib/mno-hw-mul\libsmallc.a(lib_a-__call_atexit.o)
 .comment       0x0000000000000023       0x24 d:/quartus_prime/nios2eds/bin/gnu/h-x86_64-mingw32/bin/../lib/gcc/nios2-elf/5.3.0/../../../../../H-x86_64-mingw32/nios2-elf/lib/mno-hw-mul\libsmallc.a(lib_a-impure.o)
 .comment       0x0000000000000023       0x24 d:/quartus_prime/nios2eds/bin/gnu/h-x86_64-mingw32/bin/../lib/gcc/nios2-elf/5.3.0/mno-hw-mul\libgcc.a(lib2-mul.o)
 .comment       0x0000000000000023       0x24 ../Do_bsp/\libhal_bsp.a(alt_exit.o)

.debug
 *(.debug)

.line
 *(.line)

.debug_srcinfo
 *(.debug_srcinfo)

.debug_sfnames
 *(.debug_sfnames)

.debug_aranges  0x0000000000000000      0x5b8
 *(.debug_aranges)
 .debug_aranges
                0x0000000000000000       0x28 ../Do_bsp//obj/HAL/src/crt0.o
 .debug_aranges
                0x0000000000000028       0x20 obj/default/source.o
 .debug_aranges
                0x0000000000000048       0x20 d:/quartus_prime/nios2eds/bin/gnu/h-x86_64-mingw32/bin/../lib/gcc/nios2-elf/5.3.0/mno-hw-mul\libgcc.a(lib2-divmod.o)
 .debug_aranges
                0x0000000000000068       0x20 ../Do_bsp/\libhal_bsp.a(alt_iic.o)
 .debug_aranges
                0x0000000000000088       0x20 ../Do_bsp/\libhal_bsp.a(alt_iic_isr_register.o)
 .debug_aranges
                0x00000000000000a8       0x30 ../Do_bsp/\libhal_bsp.a(alt_irq_entry.o)
 .debug_aranges
                0x00000000000000d8       0x20 ../Do_bsp/\libhal_bsp.a(alt_irq_handler.o)
 .debug_aranges
                0x00000000000000f8       0x18 ../Do_bsp/\libhal_bsp.a(alt_irq_vars.o)
 .debug_aranges
                0x0000000000000110       0x20 ../Do_bsp/\libhal_bsp.a(alt_load.o)
 .debug_aranges
                0x0000000000000130       0x20 ../Do_bsp/\libhal_bsp.a(alt_main.o)
 .debug_aranges
                0x0000000000000150       0x20 ../Do_bsp/\libhal_bsp.a(alt_usleep.o)
 .debug_aranges
                0x0000000000000170       0x20 ../Do_bsp/\libhal_bsp.a(alt_sys_init.o)
 .debug_aranges
                0x0000000000000190       0x20 ../Do_bsp/\libhal_bsp.a(altera_avalon_jtag_uart_fd.o)
 .debug_aranges
                0x00000000000001b0       0x20 ../Do_bsp/\libhal_bsp.a(altera_avalon_jtag_uart_read.o)
 .debug_aranges
                0x00000000000001d0       0x20 ../Do_bsp/\libhal_bsp.a(altera_avalon_jtag_uart_write.o)
 .debug_aranges
                0x00000000000001f0       0x20 ../Do_bsp/\libhal_bsp.a(altera_avalon_timer_sc.o)
 .debug_aranges
                0x0000000000000210       0x20 ../Do_bsp/\libhal_bsp.a(alt_busy_sleep.o)
 .debug_aranges
                0x0000000000000230       0x20 ../Do_bsp/\libhal_bsp.a(alt_close.o)
 .debug_aranges
                0x0000000000000250       0x20 ../Do_bsp/\libhal_bsp.a(alt_dcache_flush_all.o)
 .debug_aranges
                0x0000000000000270       0x20 ../Do_bsp/\libhal_bsp.a(alt_dev.o)
 .debug_aranges
                0x0000000000000290       0x20 ../Do_bsp/\libhal_bsp.a(alt_dev_llist_insert.o)
 .debug_aranges
                0x00000000000002b0       0x20 ../Do_bsp/\libhal_bsp.a(alt_do_ctors.o)
 .debug_aranges
                0x00000000000002d0       0x20 ../Do_bsp/\libhal_bsp.a(alt_do_dtors.o)
 .debug_aranges
                0x00000000000002f0       0x18 ../Do_bsp/\libhal_bsp.a(alt_errno.o)
 .debug_aranges
                0x0000000000000308       0x38 ../Do_bsp/\libhal_bsp.a(alt_exception_entry.o)
 .debug_aranges
                0x0000000000000340       0x20 ../Do_bsp/\libhal_bsp.a(alt_icache_flush_all.o)
 .debug_aranges
                0x0000000000000360       0x28 ../Do_bsp/\libhal_bsp.a(alt_instruction_exception_entry.o)
 .debug_aranges
                0x0000000000000388       0x20 ../Do_bsp/\libhal_bsp.a(alt_io_redirect.o)
 .debug_aranges
                0x00000000000003a8       0x20 ../Do_bsp/\libhal_bsp.a(alt_open.o)
 .debug_aranges
                0x00000000000003c8       0x20 ../Do_bsp/\libhal_bsp.a(alt_release_fd.o)
 .debug_aranges
                0x00000000000003e8       0x20 ../Do_bsp/\libhal_bsp.a(alt_tick.o)
 .debug_aranges
                0x0000000000000408       0x20 ../Do_bsp/\libhal_bsp.a(altera_nios2_gen2_irq.o)
 .debug_aranges
                0x0000000000000428       0x20 ../Do_bsp/\libhal_bsp.a(alt_find_dev.o)
 .debug_aranges
                0x0000000000000448       0x20 ../Do_bsp/\libhal_bsp.a(alt_find_file.o)
 .debug_aranges
                0x0000000000000468       0x20 ../Do_bsp/\libhal_bsp.a(alt_get_fd.o)
 .debug_aranges
                0x0000000000000488       0x20 d:/quartus_prime/nios2eds/bin/gnu/h-x86_64-mingw32/bin/../lib/gcc/nios2-elf/5.3.0/../../../../../H-x86_64-mingw32/nios2-elf/lib/mno-hw-mul\libsmallc.a(lib_a-atexit.o)
 .debug_aranges
                0x00000000000004a8       0x20 d:/quartus_prime/nios2eds/bin/gnu/h-x86_64-mingw32/bin/../lib/gcc/nios2-elf/5.3.0/../../../../../H-x86_64-mingw32/nios2-elf/lib/mno-hw-mul\libsmallc.a(lib_a-exit.o)
 .debug_aranges
                0x00000000000004c8       0x18 d:/quartus_prime/nios2eds/bin/gnu/h-x86_64-mingw32/bin/../lib/gcc/nios2-elf/5.3.0/../../../../../H-x86_64-mingw32/nios2-elf/lib/mno-hw-mul\libsmallc.a(lib_a-int_errno.o)
 .debug_aranges
                0x00000000000004e0       0x20 d:/quartus_prime/nios2eds/bin/gnu/h-x86_64-mingw32/bin/../lib/gcc/nios2-elf/5.3.0/../../../../../H-x86_64-mingw32/nios2-elf/lib/mno-hw-mul\libsmallc.a(lib_a-memcmp.o)
 .debug_aranges
                0x0000000000000500       0x20 d:/quartus_prime/nios2eds/bin/gnu/h-x86_64-mingw32/bin/../lib/gcc/nios2-elf/5.3.0/../../../../../H-x86_64-mingw32/nios2-elf/lib/mno-hw-mul\libsmallc.a(lib_a-strlen.o)
 .debug_aranges
                0x0000000000000520       0x20 d:/quartus_prime/nios2eds/bin/gnu/h-x86_64-mingw32/bin/../lib/gcc/nios2-elf/5.3.0/../../../../../H-x86_64-mingw32/nios2-elf/lib/mno-hw-mul\libsmallc.a(lib_a-__atexit.o)
 .debug_aranges
                0x0000000000000540       0x20 d:/quartus_prime/nios2eds/bin/gnu/h-x86_64-mingw32/bin/../lib/gcc/nios2-elf/5.3.0/../../../../../H-x86_64-mingw32/nios2-elf/lib/mno-hw-mul\libsmallc.a(lib_a-__call_atexit.o)
 .debug_aranges
                0x0000000000000560       0x18 d:/quartus_prime/nios2eds/bin/gnu/h-x86_64-mingw32/bin/../lib/gcc/nios2-elf/5.3.0/../../../../../H-x86_64-mingw32/nios2-elf/lib/mno-hw-mul\libsmallc.a(lib_a-impure.o)
 .debug_aranges
                0x0000000000000578       0x20 d:/quartus_prime/nios2eds/bin/gnu/h-x86_64-mingw32/bin/../lib/gcc/nios2-elf/5.3.0/mno-hw-mul\libgcc.a(lib2-mul.o)
 .debug_aranges
                0x0000000000000598       0x20 ../Do_bsp/\libhal_bsp.a(alt_exit.o)

.debug_pubnames
 *(.debug_pubnames)

.debug_info     0x0000000000000000     0x5b98
 *(.debug_info .gnu.linkonce.wi.*)
 .debug_info    0x0000000000000000       0x79 ../Do_bsp//obj/HAL/src/crt0.o
 .debug_info    0x0000000000000079      0x1a2 obj/default/source.o
 .debug_info    0x000000000000021b      0x2c6 d:/quartus_prime/nios2eds/bin/gnu/h-x86_64-mingw32/bin/../lib/gcc/nios2-elf/5.3.0/mno-hw-mul\libgcc.a(lib2-divmod.o)
 .debug_info    0x00000000000004e1      0x350 ../Do_bsp/\libhal_bsp.a(alt_iic.o)
 .debug_info    0x0000000000000831      0x1ef ../Do_bsp/\libhal_bsp.a(alt_iic_isr_register.o)
 .debug_info    0x0000000000000a20       0x82 ../Do_bsp/\libhal_bsp.a(alt_irq_entry.o)
 .debug_info    0x0000000000000aa2      0x187 ../Do_bsp/\libhal_bsp.a(alt_irq_handler.o)
 .debug_info    0x0000000000000c29       0x88 ../Do_bsp/\libhal_bsp.a(alt_irq_vars.o)
 .debug_info    0x0000000000000cb1      0x145 ../Do_bsp/\libhal_bsp.a(alt_load.o)
 .debug_info    0x0000000000000df6      0x131 ../Do_bsp/\libhal_bsp.a(alt_main.o)
 .debug_info    0x0000000000000f27       0xb0 ../Do_bsp/\libhal_bsp.a(alt_usleep.o)
 .debug_info    0x0000000000000fd7      0x3df ../Do_bsp/\libhal_bsp.a(alt_sys_init.o)
 .debug_info    0x00000000000013b6      0x3a7 ../Do_bsp/\libhal_bsp.a(altera_avalon_jtag_uart_fd.o)
 .debug_info    0x000000000000175d      0x1b2 ../Do_bsp/\libhal_bsp.a(altera_avalon_jtag_uart_read.o)
 .debug_info    0x000000000000190f      0x195 ../Do_bsp/\libhal_bsp.a(altera_avalon_jtag_uart_write.o)
 .debug_info    0x0000000000001aa4      0x226 ../Do_bsp/\libhal_bsp.a(altera_avalon_timer_sc.o)
 .debug_info    0x0000000000001cca       0xd7 ../Do_bsp/\libhal_bsp.a(alt_busy_sleep.o)
 .debug_info    0x0000000000001da1      0x321 ../Do_bsp/\libhal_bsp.a(alt_close.o)
 .debug_info    0x00000000000020c2       0x92 ../Do_bsp/\libhal_bsp.a(alt_dcache_flush_all.o)
 .debug_info    0x0000000000002154      0x49c ../Do_bsp/\libhal_bsp.a(alt_dev.o)
 .debug_info    0x00000000000025f0      0x1a9 ../Do_bsp/\libhal_bsp.a(alt_dev_llist_insert.o)
 .debug_info    0x0000000000002799       0x83 ../Do_bsp/\libhal_bsp.a(alt_do_ctors.o)
 .debug_info    0x000000000000281c       0x83 ../Do_bsp/\libhal_bsp.a(alt_do_dtors.o)
 .debug_info    0x000000000000289f       0xa6 ../Do_bsp/\libhal_bsp.a(alt_errno.o)
 .debug_info    0x0000000000002945       0x88 ../Do_bsp/\libhal_bsp.a(alt_exception_entry.o)
 .debug_info    0x00000000000029cd       0x92 ../Do_bsp/\libhal_bsp.a(alt_icache_flush_all.o)
 .debug_info    0x0000000000002a5f      0x1e7 ../Do_bsp/\libhal_bsp.a(alt_instruction_exception_entry.o)
 .debug_info    0x0000000000002c46      0x4a5 ../Do_bsp/\libhal_bsp.a(alt_io_redirect.o)
 .debug_info    0x00000000000030eb      0x3bb ../Do_bsp/\libhal_bsp.a(alt_open.o)
 .debug_info    0x00000000000034a6      0x2b0 ../Do_bsp/\libhal_bsp.a(alt_release_fd.o)
 .debug_info    0x0000000000003756      0x299 ../Do_bsp/\libhal_bsp.a(alt_tick.o)
 .debug_info    0x00000000000039ef       0x92 ../Do_bsp/\libhal_bsp.a(altera_nios2_gen2_irq.o)
 .debug_info    0x0000000000003a81      0x2e9 ../Do_bsp/\libhal_bsp.a(alt_find_dev.o)
 .debug_info    0x0000000000003d6a      0x2e6 ../Do_bsp/\libhal_bsp.a(alt_find_file.o)
 .debug_info    0x0000000000004050      0x310 ../Do_bsp/\libhal_bsp.a(alt_get_fd.o)
 .debug_info    0x0000000000004360       0xfe d:/quartus_prime/nios2eds/bin/gnu/h-x86_64-mingw32/bin/../lib/gcc/nios2-elf/5.3.0/../../../../../H-x86_64-mingw32/nios2-elf/lib/mno-hw-mul\libsmallc.a(lib_a-atexit.o)
 .debug_info    0x000000000000445e       0xe5 d:/quartus_prime/nios2eds/bin/gnu/h-x86_64-mingw32/bin/../lib/gcc/nios2-elf/5.3.0/../../../../../H-x86_64-mingw32/nios2-elf/lib/mno-hw-mul\libsmallc.a(lib_a-exit.o)
 .debug_info    0x0000000000004543       0x8a d:/quartus_prime/nios2eds/bin/gnu/h-x86_64-mingw32/bin/../lib/gcc/nios2-elf/5.3.0/../../../../../H-x86_64-mingw32/nios2-elf/lib/mno-hw-mul\libsmallc.a(lib_a-int_errno.o)
 .debug_info    0x00000000000045cd       0xf4 d:/quartus_prime/nios2eds/bin/gnu/h-x86_64-mingw32/bin/../lib/gcc/nios2-elf/5.3.0/../../../../../H-x86_64-mingw32/nios2-elf/lib/mno-hw-mul\libsmallc.a(lib_a-memcmp.o)
 .debug_info    0x00000000000046c1       0xc9 d:/quartus_prime/nios2eds/bin/gnu/h-x86_64-mingw32/bin/../lib/gcc/nios2-elf/5.3.0/../../../../../H-x86_64-mingw32/nios2-elf/lib/mno-hw-mul\libsmallc.a(lib_a-strlen.o)
 .debug_info    0x000000000000478a      0x64a d:/quartus_prime/nios2eds/bin/gnu/h-x86_64-mingw32/bin/../lib/gcc/nios2-elf/5.3.0/../../../../../H-x86_64-mingw32/nios2-elf/lib/mno-hw-mul\libsmallc.a(lib_a-__atexit.o)
 .debug_info    0x0000000000004dd4      0x67b d:/quartus_prime/nios2eds/bin/gnu/h-x86_64-mingw32/bin/../lib/gcc/nios2-elf/5.3.0/../../../../../H-x86_64-mingw32/nios2-elf/lib/mno-hw-mul\libsmallc.a(lib_a-__call_atexit.o)
 .debug_info    0x000000000000544f      0x5a9 d:/quartus_prime/nios2eds/bin/gnu/h-x86_64-mingw32/bin/../lib/gcc/nios2-elf/5.3.0/../../../../../H-x86_64-mingw32/nios2-elf/lib/mno-hw-mul\libsmallc.a(lib_a-impure.o)
 .debug_info    0x00000000000059f8       0xb4 d:/quartus_prime/nios2eds/bin/gnu/h-x86_64-mingw32/bin/../lib/gcc/nios2-elf/5.3.0/mno-hw-mul\libgcc.a(lib2-mul.o)
 .debug_info    0x0000000000005aac       0xec ../Do_bsp/\libhal_bsp.a(alt_exit.o)

.debug_abbrev   0x0000000000000000     0x240a
 *(.debug_abbrev)
 .debug_abbrev  0x0000000000000000       0x12 ../Do_bsp//obj/HAL/src/crt0.o
 .debug_abbrev  0x0000000000000012       0xf1 obj/default/source.o
 .debug_abbrev  0x0000000000000103      0x10e d:/quartus_prime/nios2eds/bin/gnu/h-x86_64-mingw32/bin/../lib/gcc/nios2-elf/5.3.0/mno-hw-mul\libgcc.a(lib2-divmod.o)
 .debug_abbrev  0x0000000000000211      0x163 ../Do_bsp/\libhal_bsp.a(alt_iic.o)
 .debug_abbrev  0x0000000000000374      0x169 ../Do_bsp/\libhal_bsp.a(alt_iic_isr_register.o)
 .debug_abbrev  0x00000000000004dd       0x12 ../Do_bsp/\libhal_bsp.a(alt_irq_entry.o)
 .debug_abbrev  0x00000000000004ef      0x122 ../Do_bsp/\libhal_bsp.a(alt_irq_handler.o)
 .debug_abbrev  0x0000000000000611       0x40 ../Do_bsp/\libhal_bsp.a(alt_irq_vars.o)
 .debug_abbrev  0x0000000000000651       0x9f ../Do_bsp/\libhal_bsp.a(alt_load.o)
 .debug_abbrev  0x00000000000006f0       0xba ../Do_bsp/\libhal_bsp.a(alt_main.o)
 .debug_abbrev  0x00000000000007aa       0x60 ../Do_bsp/\libhal_bsp.a(alt_usleep.o)
 .debug_abbrev  0x000000000000080a      0x157 ../Do_bsp/\libhal_bsp.a(alt_sys_init.o)
 .debug_abbrev  0x0000000000000961       0xf7 ../Do_bsp/\libhal_bsp.a(altera_avalon_jtag_uart_fd.o)
 .debug_abbrev  0x0000000000000a58       0xd5 ../Do_bsp/\libhal_bsp.a(altera_avalon_jtag_uart_read.o)
 .debug_abbrev  0x0000000000000b2d       0xd5 ../Do_bsp/\libhal_bsp.a(altera_avalon_jtag_uart_write.o)
 .debug_abbrev  0x0000000000000c02      0x155 ../Do_bsp/\libhal_bsp.a(altera_avalon_timer_sc.o)
 .debug_abbrev  0x0000000000000d57       0x7e ../Do_bsp/\libhal_bsp.a(alt_busy_sleep.o)
 .debug_abbrev  0x0000000000000dd5      0x11f ../Do_bsp/\libhal_bsp.a(alt_close.o)
 .debug_abbrev  0x0000000000000ef4       0x42 ../Do_bsp/\libhal_bsp.a(alt_dcache_flush_all.o)
 .debug_abbrev  0x0000000000000f36       0xd9 ../Do_bsp/\libhal_bsp.a(alt_dev.o)
 .debug_abbrev  0x000000000000100f      0x114 ../Do_bsp/\libhal_bsp.a(alt_dev_llist_insert.o)
 .debug_abbrev  0x0000000000001123       0x79 ../Do_bsp/\libhal_bsp.a(alt_do_ctors.o)
 .debug_abbrev  0x000000000000119c       0x79 ../Do_bsp/\libhal_bsp.a(alt_do_dtors.o)
 .debug_abbrev  0x0000000000001215       0x5a ../Do_bsp/\libhal_bsp.a(alt_errno.o)
 .debug_abbrev  0x000000000000126f       0x12 ../Do_bsp/\libhal_bsp.a(alt_exception_entry.o)
 .debug_abbrev  0x0000000000001281       0x42 ../Do_bsp/\libhal_bsp.a(alt_icache_flush_all.o)
 .debug_abbrev  0x00000000000012c3       0xdc ../Do_bsp/\libhal_bsp.a(alt_instruction_exception_entry.o)
 .debug_abbrev  0x000000000000139f      0x114 ../Do_bsp/\libhal_bsp.a(alt_io_redirect.o)
 .debug_abbrev  0x00000000000014b3      0x148 ../Do_bsp/\libhal_bsp.a(alt_open.o)
 .debug_abbrev  0x00000000000015fb       0xde ../Do_bsp/\libhal_bsp.a(alt_release_fd.o)
 .debug_abbrev  0x00000000000016d9      0x15a ../Do_bsp/\libhal_bsp.a(alt_tick.o)
 .debug_abbrev  0x0000000000001833       0x42 ../Do_bsp/\libhal_bsp.a(altera_nios2_gen2_irq.o)
 .debug_abbrev  0x0000000000001875       0xf0 ../Do_bsp/\libhal_bsp.a(alt_find_dev.o)
 .debug_abbrev  0x0000000000001965       0xf0 ../Do_bsp/\libhal_bsp.a(alt_find_file.o)
 .debug_abbrev  0x0000000000001a55      0x10d ../Do_bsp/\libhal_bsp.a(alt_get_fd.o)
 .debug_abbrev  0x0000000000001b62       0xaa d:/quartus_prime/nios2eds/bin/gnu/h-x86_64-mingw32/bin/../lib/gcc/nios2-elf/5.3.0/../../../../../H-x86_64-mingw32/nios2-elf/lib/mno-hw-mul\libsmallc.a(lib_a-atexit.o)
 .debug_abbrev  0x0000000000001c0c       0x8b d:/quartus_prime/nios2eds/bin/gnu/h-x86_64-mingw32/bin/../lib/gcc/nios2-elf/5.3.0/../../../../../H-x86_64-mingw32/nios2-elf/lib/mno-hw-mul\libsmallc.a(lib_a-exit.o)
 .debug_abbrev  0x0000000000001c97       0x37 d:/quartus_prime/nios2eds/bin/gnu/h-x86_64-mingw32/bin/../lib/gcc/nios2-elf/5.3.0/../../../../../H-x86_64-mingw32/nios2-elf/lib/mno-hw-mul\libsmallc.a(lib_a-int_errno.o)
 .debug_abbrev  0x0000000000001cce       0x7f d:/quartus_prime/nios2eds/bin/gnu/h-x86_64-mingw32/bin/../lib/gcc/nios2-elf/5.3.0/../../../../../H-x86_64-mingw32/nios2-elf/lib/mno-hw-mul\libsmallc.a(lib_a-memcmp.o)
 .debug_abbrev  0x0000000000001d4d       0x7f d:/quartus_prime/nios2eds/bin/gnu/h-x86_64-mingw32/bin/../lib/gcc/nios2-elf/5.3.0/../../../../../H-x86_64-mingw32/nios2-elf/lib/mno-hw-mul\libsmallc.a(lib_a-strlen.o)
 .debug_abbrev  0x0000000000001dcc      0x1e6 d:/quartus_prime/nios2eds/bin/gnu/h-x86_64-mingw32/bin/../lib/gcc/nios2-elf/5.3.0/../../../../../H-x86_64-mingw32/nios2-elf/lib/mno-hw-mul\libsmallc.a(lib_a-__atexit.o)
 .debug_abbrev  0x0000000000001fb2      0x1f6 d:/quartus_prime/nios2eds/bin/gnu/h-x86_64-mingw32/bin/../lib/gcc/nios2-elf/5.3.0/../../../../../H-x86_64-mingw32/nios2-elf/lib/mno-hw-mul\libsmallc.a(lib_a-__call_atexit.o)
 .debug_abbrev  0x00000000000021a8      0x14a d:/quartus_prime/nios2eds/bin/gnu/h-x86_64-mingw32/bin/../lib/gcc/nios2-elf/5.3.0/../../../../../H-x86_64-mingw32/nios2-elf/lib/mno-hw-mul\libsmallc.a(lib_a-impure.o)
 .debug_abbrev  0x00000000000022f2       0x6f d:/quartus_prime/nios2eds/bin/gnu/h-x86_64-mingw32/bin/../lib/gcc/nios2-elf/5.3.0/mno-hw-mul\libgcc.a(lib2-mul.o)
 .debug_abbrev  0x0000000000002361       0xa9 ../Do_bsp/\libhal_bsp.a(alt_exit.o)

.debug_line     0x0000000000000000     0x25ec
 *(.debug_line)
 .debug_line    0x0000000000000000       0x66 ../Do_bsp//obj/HAL/src/crt0.o
 .debug_line    0x0000000000000066       0xd3 obj/default/source.o
 .debug_line    0x0000000000000139      0x105 d:/quartus_prime/nios2eds/bin/gnu/h-x86_64-mingw32/bin/../lib/gcc/nios2-elf/5.3.0/mno-hw-mul\libgcc.a(lib2-divmod.o)
 .debug_line    0x000000000000023e       0xeb ../Do_bsp/\libhal_bsp.a(alt_iic.o)
 .debug_line    0x0000000000000329       0xdb ../Do_bsp/\libhal_bsp.a(alt_iic_isr_register.o)
 .debug_line    0x0000000000000404       0x6b ../Do_bsp/\libhal_bsp.a(alt_irq_entry.o)
 .debug_line    0x000000000000046f       0xaa ../Do_bsp/\libhal_bsp.a(alt_irq_handler.o)
 .debug_line    0x0000000000000519       0x50 ../Do_bsp/\libhal_bsp.a(alt_irq_vars.o)
 .debug_line    0x0000000000000569       0x8e ../Do_bsp/\libhal_bsp.a(alt_load.o)
 .debug_line    0x00000000000005f7       0xa4 ../Do_bsp/\libhal_bsp.a(alt_main.o)
 .debug_line    0x000000000000069b       0xa7 ../Do_bsp/\libhal_bsp.a(alt_usleep.o)
 .debug_line    0x0000000000000742      0x141 ../Do_bsp/\libhal_bsp.a(alt_sys_init.o)
 .debug_line    0x0000000000000883      0x112 ../Do_bsp/\libhal_bsp.a(altera_avalon_jtag_uart_fd.o)
 .debug_line    0x0000000000000995       0xfd ../Do_bsp/\libhal_bsp.a(altera_avalon_jtag_uart_read.o)
 .debug_line    0x0000000000000a92       0xf4 ../Do_bsp/\libhal_bsp.a(altera_avalon_jtag_uart_write.o)
 .debug_line    0x0000000000000b86       0xfd ../Do_bsp/\libhal_bsp.a(altera_avalon_timer_sc.o)
 .debug_line    0x0000000000000c83       0xa2 ../Do_bsp/\libhal_bsp.a(alt_busy_sleep.o)
 .debug_line    0x0000000000000d25      0x15f ../Do_bsp/\libhal_bsp.a(alt_close.o)
 .debug_line    0x0000000000000e84       0x51 ../Do_bsp/\libhal_bsp.a(alt_dcache_flush_all.o)
 .debug_line    0x0000000000000ed5       0xf2 ../Do_bsp/\libhal_bsp.a(alt_dev.o)
 .debug_line    0x0000000000000fc7       0xcf ../Do_bsp/\libhal_bsp.a(alt_dev_llist_insert.o)
 .debug_line    0x0000000000001096       0x59 ../Do_bsp/\libhal_bsp.a(alt_do_ctors.o)
 .debug_line    0x00000000000010ef       0x59 ../Do_bsp/\libhal_bsp.a(alt_do_dtors.o)
 .debug_line    0x0000000000001148       0x51 ../Do_bsp/\libhal_bsp.a(alt_errno.o)
 .debug_line    0x0000000000001199       0xb3 ../Do_bsp/\libhal_bsp.a(alt_exception_entry.o)
 .debug_line    0x000000000000124c       0x4f ../Do_bsp/\libhal_bsp.a(alt_icache_flush_all.o)
 .debug_line    0x000000000000129b       0xb9 ../Do_bsp/\libhal_bsp.a(alt_instruction_exception_entry.o)
 .debug_line    0x0000000000001354      0x12f ../Do_bsp/\libhal_bsp.a(alt_io_redirect.o)
 .debug_line    0x0000000000001483      0x12b ../Do_bsp/\libhal_bsp.a(alt_open.o)
 .debug_line    0x00000000000015ae       0xb0 ../Do_bsp/\libhal_bsp.a(alt_release_fd.o)
 .debug_line    0x000000000000165e       0xff ../Do_bsp/\libhal_bsp.a(alt_tick.o)
 .debug_line    0x000000000000175d       0x51 ../Do_bsp/\libhal_bsp.a(altera_nios2_gen2_irq.o)
 .debug_line    0x00000000000017ae       0xb5 ../Do_bsp/\libhal_bsp.a(alt_find_dev.o)
 .debug_line    0x0000000000001863       0xd1 ../Do_bsp/\libhal_bsp.a(alt_find_file.o)
 .debug_line    0x0000000000001934       0xd7 ../Do_bsp/\libhal_bsp.a(alt_get_fd.o)
 .debug_line    0x0000000000001a0b       0xe7 d:/quartus_prime/nios2eds/bin/gnu/h-x86_64-mingw32/bin/../lib/gcc/nios2-elf/5.3.0/../../../../../H-x86_64-mingw32/nios2-elf/lib/mno-hw-mul\libsmallc.a(lib_a-atexit.o)
 .debug_line    0x0000000000001af2      0x159 d:/quartus_prime/nios2eds/bin/gnu/h-x86_64-mingw32/bin/../lib/gcc/nios2-elf/5.3.0/../../../../../H-x86_64-mingw32/nios2-elf/lib/mno-hw-mul\libsmallc.a(lib_a-exit.o)
 .debug_line    0x0000000000001c4b       0x5f d:/quartus_prime/nios2eds/bin/gnu/h-x86_64-mingw32/bin/../lib/gcc/nios2-elf/5.3.0/../../../../../H-x86_64-mingw32/nios2-elf/lib/mno-hw-mul\libsmallc.a(lib_a-int_errno.o)
 .debug_line    0x0000000000001caa      0x160 d:/quartus_prime/nios2eds/bin/gnu/h-x86_64-mingw32/bin/../lib/gcc/nios2-elf/5.3.0/../../../../../H-x86_64-mingw32/nios2-elf/lib/mno-hw-mul\libsmallc.a(lib_a-memcmp.o)
 .debug_line    0x0000000000001e0a      0x15c d:/quartus_prime/nios2eds/bin/gnu/h-x86_64-mingw32/bin/../lib/gcc/nios2-elf/5.3.0/../../../../../H-x86_64-mingw32/nios2-elf/lib/mno-hw-mul\libsmallc.a(lib_a-strlen.o)
 .debug_line    0x0000000000001f66      0x20d d:/quartus_prime/nios2eds/bin/gnu/h-x86_64-mingw32/bin/../lib/gcc/nios2-elf/5.3.0/../../../../../H-x86_64-mingw32/nios2-elf/lib/mno-hw-mul\libsmallc.a(lib_a-__atexit.o)
 .debug_line    0x0000000000002173      0x232 d:/quartus_prime/nios2eds/bin/gnu/h-x86_64-mingw32/bin/../lib/gcc/nios2-elf/5.3.0/../../../../../H-x86_64-mingw32/nios2-elf/lib/mno-hw-mul\libsmallc.a(lib_a-__call_atexit.o)
 .debug_line    0x00000000000023a5      0x156 d:/quartus_prime/nios2eds/bin/gnu/h-x86_64-mingw32/bin/../lib/gcc/nios2-elf/5.3.0/../../../../../H-x86_64-mingw32/nios2-elf/lib/mno-hw-mul\libsmallc.a(lib_a-impure.o)
 .debug_line    0x00000000000024fb       0x80 d:/quartus_prime/nios2eds/bin/gnu/h-x86_64-mingw32/bin/../lib/gcc/nios2-elf/5.3.0/mno-hw-mul\libgcc.a(lib2-mul.o)
 .debug_line    0x000000000000257b       0x71 ../Do_bsp/\libhal_bsp.a(alt_exit.o)

.debug_frame    0x0000000000000000      0xaac
 *(.debug_frame)
 .debug_frame   0x0000000000000000       0xa0 obj/default/source.o
 .debug_frame   0x00000000000000a0       0x50 d:/quartus_prime/nios2eds/bin/gnu/h-x86_64-mingw32/bin/../lib/gcc/nios2-elf/5.3.0/mno-hw-mul\libgcc.a(lib2-divmod.o)
 .debug_frame   0x00000000000000f0       0xa4 ../Do_bsp/\libhal_bsp.a(alt_iic.o)
 .debug_frame   0x0000000000000194       0x38 ../Do_bsp/\libhal_bsp.a(alt_iic_isr_register.o)
 .debug_frame   0x00000000000001cc       0x38 ../Do_bsp/\libhal_bsp.a(alt_irq_handler.o)
 .debug_frame   0x0000000000000204       0x5c ../Do_bsp/\libhal_bsp.a(alt_load.o)
 .debug_frame   0x0000000000000260       0x2c ../Do_bsp/\libhal_bsp.a(alt_main.o)
 .debug_frame   0x000000000000028c       0x38 ../Do_bsp/\libhal_bsp.a(alt_usleep.o)
 .debug_frame   0x00000000000002c4       0x88 ../Do_bsp/\libhal_bsp.a(alt_sys_init.o)
 .debug_frame   0x000000000000034c       0x60 ../Do_bsp/\libhal_bsp.a(altera_avalon_jtag_uart_fd.o)
 .debug_frame   0x00000000000003ac       0x34 ../Do_bsp/\libhal_bsp.a(altera_avalon_jtag_uart_read.o)
 .debug_frame   0x00000000000003e0       0x34 ../Do_bsp/\libhal_bsp.a(altera_avalon_jtag_uart_write.o)
 .debug_frame   0x0000000000000414       0x60 ../Do_bsp/\libhal_bsp.a(altera_avalon_timer_sc.o)
 .debug_frame   0x0000000000000474       0x38 ../Do_bsp/\libhal_bsp.a(alt_busy_sleep.o)
 .debug_frame   0x00000000000004ac       0x60 ../Do_bsp/\libhal_bsp.a(alt_close.o)
 .debug_frame   0x000000000000050c       0x34 ../Do_bsp/\libhal_bsp.a(alt_dcache_flush_all.o)
 .debug_frame   0x0000000000000540       0x34 ../Do_bsp/\libhal_bsp.a(alt_dev.o)
 .debug_frame   0x0000000000000574       0x60 ../Do_bsp/\libhal_bsp.a(alt_dev_llist_insert.o)
 .debug_frame   0x00000000000005d4       0x38 ../Do_bsp/\libhal_bsp.a(alt_do_ctors.o)
 .debug_frame   0x000000000000060c       0x38 ../Do_bsp/\libhal_bsp.a(alt_do_dtors.o)
 .debug_frame   0x0000000000000644       0x34 ../Do_bsp/\libhal_bsp.a(alt_icache_flush_all.o)
 .debug_frame   0x0000000000000678       0x5c ../Do_bsp/\libhal_bsp.a(alt_instruction_exception_entry.o)
 .debug_frame   0x00000000000006d4       0x64 ../Do_bsp/\libhal_bsp.a(alt_io_redirect.o)
 .debug_frame   0x0000000000000738       0x8c ../Do_bsp/\libhal_bsp.a(alt_open.o)
 .debug_frame   0x00000000000007c4       0x3c ../Do_bsp/\libhal_bsp.a(alt_release_fd.o)
 .debug_frame   0x0000000000000800       0x5c ../Do_bsp/\libhal_bsp.a(alt_tick.o)
 .debug_frame   0x000000000000085c       0x34 ../Do_bsp/\libhal_bsp.a(altera_nios2_gen2_irq.o)
 .debug_frame   0x0000000000000890       0x38 ../Do_bsp/\libhal_bsp.a(alt_find_dev.o)
 .debug_frame   0x00000000000008c8       0x38 ../Do_bsp/\libhal_bsp.a(alt_find_file.o)
 .debug_frame   0x0000000000000900       0x3c ../Do_bsp/\libhal_bsp.a(alt_get_fd.o)
 .debug_frame   0x000000000000093c       0x20 d:/quartus_prime/nios2eds/bin/gnu/h-x86_64-mingw32/bin/../lib/gcc/nios2-elf/5.3.0/../../../../../H-x86_64-mingw32/nios2-elf/lib/mno-hw-mul\libsmallc.a(lib_a-atexit.o)
 .debug_frame   0x000000000000095c       0x28 d:/quartus_prime/nios2eds/bin/gnu/h-x86_64-mingw32/bin/../lib/gcc/nios2-elf/5.3.0/../../../../../H-x86_64-mingw32/nios2-elf/lib/mno-hw-mul\libsmallc.a(lib_a-exit.o)
 .debug_frame   0x0000000000000984       0x20 d:/quartus_prime/nios2eds/bin/gnu/h-x86_64-mingw32/bin/../lib/gcc/nios2-elf/5.3.0/../../../../../H-x86_64-mingw32/nios2-elf/lib/mno-hw-mul\libsmallc.a(lib_a-memcmp.o)
 .debug_frame   0x00000000000009a4       0x20 d:/quartus_prime/nios2eds/bin/gnu/h-x86_64-mingw32/bin/../lib/gcc/nios2-elf/5.3.0/../../../../../H-x86_64-mingw32/nios2-elf/lib/mno-hw-mul\libsmallc.a(lib_a-strlen.o)
 .debug_frame   0x00000000000009c4       0x48 d:/quartus_prime/nios2eds/bin/gnu/h-x86_64-mingw32/bin/../lib/gcc/nios2-elf/5.3.0/../../../../../H-x86_64-mingw32/nios2-elf/lib/mno-hw-mul\libsmallc.a(lib_a-__atexit.o)
 .debug_frame   0x0000000000000a0c       0x54 d:/quartus_prime/nios2eds/bin/gnu/h-x86_64-mingw32/bin/../lib/gcc/nios2-elf/5.3.0/../../../../../H-x86_64-mingw32/nios2-elf/lib/mno-hw-mul\libsmallc.a(lib_a-__call_atexit.o)
 .debug_frame   0x0000000000000a60       0x20 d:/quartus_prime/nios2eds/bin/gnu/h-x86_64-mingw32/bin/../lib/gcc/nios2-elf/5.3.0/mno-hw-mul\libgcc.a(lib2-mul.o)
 .debug_frame   0x0000000000000a80       0x2c ../Do_bsp/\libhal_bsp.a(alt_exit.o)

.debug_str      0x0000000000000000     0x1a95
 *(.debug_str)
 .debug_str     0x0000000000000000      0x186 obj/default/source.o
                                        0x1cb (size before relaxing)
 .debug_str     0x0000000000000186      0x187 d:/quartus_prime/nios2eds/bin/gnu/h-x86_64-mingw32/bin/../lib/gcc/nios2-elf/5.3.0/mno-hw-mul\libgcc.a(lib2-divmod.o)
                                        0x1d2 (size before relaxing)
 .debug_str     0x000000000000030d      0x13c ../Do_bsp/\libhal_bsp.a(alt_iic.o)
                                        0x249 (size before relaxing)
 .debug_str     0x0000000000000449       0x4c ../Do_bsp/\libhal_bsp.a(alt_iic_isr_register.o)
                                        0x1f3 (size before relaxing)
 .debug_str     0x0000000000000495       0x3a ../Do_bsp/\libhal_bsp.a(alt_irq_handler.o)
                                        0x1a2 (size before relaxing)
 .debug_str     0x00000000000004cf       0x17 ../Do_bsp/\libhal_bsp.a(alt_irq_vars.o)
                                        0x145 (size before relaxing)
 .debug_str     0x00000000000004e6       0xe9 ../Do_bsp/\libhal_bsp.a(alt_load.o)
                                        0x21d (size before relaxing)
 .debug_str     0x00000000000005cf       0x70 ../Do_bsp/\libhal_bsp.a(alt_main.o)
                                        0x1a8 (size before relaxing)
 .debug_str     0x000000000000063f       0x27 ../Do_bsp/\libhal_bsp.a(alt_usleep.o)
                                        0x153 (size before relaxing)
 .debug_str     0x0000000000000666      0x18a ../Do_bsp/\libhal_bsp.a(alt_sys_init.o)
                                        0x317 (size before relaxing)
 .debug_str     0x00000000000007f0       0x77 ../Do_bsp/\libhal_bsp.a(altera_avalon_jtag_uart_fd.o)
                                        0x2e0 (size before relaxing)
 .debug_str     0x0000000000000867       0x48 ../Do_bsp/\libhal_bsp.a(altera_avalon_jtag_uart_read.o)
                                        0x22a (size before relaxing)
 .debug_str     0x00000000000008af       0x4a ../Do_bsp/\libhal_bsp.a(altera_avalon_jtag_uart_write.o)
                                        0x220 (size before relaxing)
 .debug_str     0x00000000000008f9       0x7f ../Do_bsp/\libhal_bsp.a(altera_avalon_timer_sc.o)
                                        0x256 (size before relaxing)
 .debug_str     0x0000000000000978       0x42 ../Do_bsp/\libhal_bsp.a(alt_busy_sleep.o)
                                        0x176 (size before relaxing)
 .debug_str     0x00000000000009ba       0x44 ../Do_bsp/\libhal_bsp.a(alt_close.o)
                                        0x216 (size before relaxing)
 .debug_str     0x00000000000009fe       0x34 ../Do_bsp/\libhal_bsp.a(alt_dcache_flush_all.o)
                                        0x160 (size before relaxing)
 .debug_str     0x0000000000000a32      0x120 ../Do_bsp/\libhal_bsp.a(alt_dev.o)
                                        0x310 (size before relaxing)
 .debug_str     0x0000000000000b52       0x45 ../Do_bsp/\libhal_bsp.a(alt_dev_llist_insert.o)
                                        0x1d7 (size before relaxing)
 .debug_str     0x0000000000000b97       0x48 ../Do_bsp/\libhal_bsp.a(alt_do_ctors.o)
                                         0xdb (size before relaxing)
 .debug_str     0x0000000000000bdf       0x4c ../Do_bsp/\libhal_bsp.a(alt_do_dtors.o)
                                         0xda (size before relaxing)
 .debug_str     0x0000000000000c2b       0x14 ../Do_bsp/\libhal_bsp.a(alt_errno.o)
                                        0x150 (size before relaxing)
 .debug_str     0x0000000000000c3f       0x34 ../Do_bsp/\libhal_bsp.a(alt_icache_flush_all.o)
                                        0x160 (size before relaxing)
 .debug_str     0x0000000000000c73      0x48b ../Do_bsp/\libhal_bsp.a(alt_instruction_exception_entry.o)
                                        0x5ab (size before relaxing)
 .debug_str     0x00000000000010fe       0x56 ../Do_bsp/\libhal_bsp.a(alt_io_redirect.o)
                                        0x321 (size before relaxing)
 .debug_str     0x0000000000001154       0x2f ../Do_bsp/\libhal_bsp.a(alt_open.o)
                                        0x256 (size before relaxing)
 .debug_str     0x0000000000001183       0x28 ../Do_bsp/\libhal_bsp.a(alt_release_fd.o)
                                        0x1de (size before relaxing)
 .debug_str     0x00000000000011ab       0x78 ../Do_bsp/\libhal_bsp.a(alt_tick.o)
                                        0x25d (size before relaxing)
 .debug_str     0x0000000000001223       0x3b ../Do_bsp/\libhal_bsp.a(altera_nios2_gen2_irq.o)
                                        0x167 (size before relaxing)
 .debug_str     0x000000000000125e       0x24 ../Do_bsp/\libhal_bsp.a(alt_find_dev.o)
                                        0x1f7 (size before relaxing)
 .debug_str     0x0000000000001282       0x26 ../Do_bsp/\libhal_bsp.a(alt_find_file.o)
                                        0x205 (size before relaxing)
 .debug_str     0x00000000000012a8       0x30 ../Do_bsp/\libhal_bsp.a(alt_get_fd.o)
                                        0x227 (size before relaxing)
 .debug_str     0x00000000000012d8      0x177 d:/quartus_prime/nios2eds/bin/gnu/h-x86_64-mingw32/bin/../lib/gcc/nios2-elf/5.3.0/../../../../../H-x86_64-mingw32/nios2-elf/lib/mno-hw-mul\libsmallc.a(lib_a-atexit.o)
                                        0x21c (size before relaxing)
 .debug_str     0x000000000000144f       0x4c d:/quartus_prime/nios2eds/bin/gnu/h-x86_64-mingw32/bin/../lib/gcc/nios2-elf/5.3.0/../../../../../H-x86_64-mingw32/nios2-elf/lib/mno-hw-mul\libsmallc.a(lib_a-exit.o)
                                        0x1f0 (size before relaxing)
 .debug_str     0x000000000000149b       0xd3 d:/quartus_prime/nios2eds/bin/gnu/h-x86_64-mingw32/bin/../lib/gcc/nios2-elf/5.3.0/../../../../../H-x86_64-mingw32/nios2-elf/lib/mno-hw-mul\libsmallc.a(lib_a-int_errno.o)
                                        0x1d8 (size before relaxing)
 .debug_str     0x000000000000156e       0xe0 d:/quartus_prime/nios2eds/bin/gnu/h-x86_64-mingw32/bin/../lib/gcc/nios2-elf/5.3.0/../../../../../H-x86_64-mingw32/nios2-elf/lib/mno-hw-mul\libsmallc.a(lib_a-memcmp.o)
                                        0x1df (size before relaxing)
 .debug_str     0x000000000000164e       0x44 d:/quartus_prime/nios2eds/bin/gnu/h-x86_64-mingw32/bin/../lib/gcc/nios2-elf/5.3.0/../../../../../H-x86_64-mingw32/nios2-elf/lib/mno-hw-mul\libsmallc.a(lib_a-strlen.o)
                                        0x1e5 (size before relaxing)
 .debug_str     0x0000000000001692      0x2ec d:/quartus_prime/nios2eds/bin/gnu/h-x86_64-mingw32/bin/../lib/gcc/nios2-elf/5.3.0/../../../../../H-x86_64-mingw32/nios2-elf/lib/mno-hw-mul\libsmallc.a(lib_a-__atexit.o)
                                        0x4ff (size before relaxing)
 .debug_str     0x000000000000197e       0x65 d:/quartus_prime/nios2eds/bin/gnu/h-x86_64-mingw32/bin/../lib/gcc/nios2-elf/5.3.0/../../../../../H-x86_64-mingw32/nios2-elf/lib/mno-hw-mul\libsmallc.a(lib_a-__call_atexit.o)
                                        0x4eb (size before relaxing)
 .debug_str     0x00000000000019e3       0x48 d:/quartus_prime/nios2eds/bin/gnu/h-x86_64-mingw32/bin/../lib/gcc/nios2-elf/5.3.0/../../../../../H-x86_64-mingw32/nios2-elf/lib/mno-hw-mul\libsmallc.a(lib_a-impure.o)
                                        0x4be (size before relaxing)
 .debug_str     0x0000000000001a2b       0x40 d:/quartus_prime/nios2eds/bin/gnu/h-x86_64-mingw32/bin/../lib/gcc/nios2-elf/5.3.0/mno-hw-mul\libgcc.a(lib2-mul.o)
                                        0x193 (size before relaxing)
 .debug_str     0x0000000000001a6b       0x2a ../Do_bsp/\libhal_bsp.a(alt_exit.o)
                                        0x15c (size before relaxing)

.debug_loc      0x0000000000000000      0x974
 *(.debug_loc)
 .debug_loc     0x0000000000000000      0x4ce d:/quartus_prime/nios2eds/bin/gnu/h-x86_64-mingw32/bin/../lib/gcc/nios2-elf/5.3.0/mno-hw-mul\libgcc.a(lib2-divmod.o)
 .debug_loc     0x00000000000004ce       0x2c d:/quartus_prime/nios2eds/bin/gnu/h-x86_64-mingw32/bin/../lib/gcc/nios2-elf/5.3.0/../../../../../H-x86_64-mingw32/nios2-elf/lib/mno-hw-mul\libsmallc.a(lib_a-atexit.o)
 .debug_loc     0x00000000000004fa       0x1e d:/quartus_prime/nios2eds/bin/gnu/h-x86_64-mingw32/bin/../lib/gcc/nios2-elf/5.3.0/../../../../../H-x86_64-mingw32/nios2-elf/lib/mno-hw-mul\libsmallc.a(lib_a-exit.o)
 .debug_loc     0x0000000000000518       0x94 d:/quartus_prime/nios2eds/bin/gnu/h-x86_64-mingw32/bin/../lib/gcc/nios2-elf/5.3.0/../../../../../H-x86_64-mingw32/nios2-elf/lib/mno-hw-mul\libsmallc.a(lib_a-memcmp.o)
 .debug_loc     0x00000000000005ac       0x1e d:/quartus_prime/nios2eds/bin/gnu/h-x86_64-mingw32/bin/../lib/gcc/nios2-elf/5.3.0/../../../../../H-x86_64-mingw32/nios2-elf/lib/mno-hw-mul\libsmallc.a(lib_a-strlen.o)
 .debug_loc     0x00000000000005ca      0x1c0 d:/quartus_prime/nios2eds/bin/gnu/h-x86_64-mingw32/bin/../lib/gcc/nios2-elf/5.3.0/../../../../../H-x86_64-mingw32/nios2-elf/lib/mno-hw-mul\libsmallc.a(lib_a-__atexit.o)
 .debug_loc     0x000000000000078a      0x157 d:/quartus_prime/nios2eds/bin/gnu/h-x86_64-mingw32/bin/../lib/gcc/nios2-elf/5.3.0/../../../../../H-x86_64-mingw32/nios2-elf/lib/mno-hw-mul\libsmallc.a(lib_a-__call_atexit.o)
 .debug_loc     0x00000000000008e1       0x93 d:/quartus_prime/nios2eds/bin/gnu/h-x86_64-mingw32/bin/../lib/gcc/nios2-elf/5.3.0/mno-hw-mul\libgcc.a(lib2-mul.o)

.debug_macinfo
 *(.debug_macinfo)

.debug_weaknames
 *(.debug_weaknames)

.debug_funcnames
 *(.debug_funcnames)

.debug_typenames
 *(.debug_typenames)

.debug_varnames
 *(.debug_varnames)

.debug_alt_sim_info
                0x0000000000000000       0x40
 *(.debug_alt_sim_info)
 .debug_alt_sim_info
                0x0000000000000000       0x10 ../Do_bsp//obj/HAL/src/crt0.o
 .debug_alt_sim_info
                0x0000000000000010       0x30 ../Do_bsp/\libhal_bsp.a(alt_busy_sleep.o)
                0x0000000000010000                __alt_data_end = 0x10000
                0x0000000000010000                PROVIDE (__alt_stack_pointer, __alt_data_end)
                [!provide]                        PROVIDE (__alt_stack_limit, __alt_stack_base)
                [!provide]                        PROVIDE (__alt_heap_start, end)
                [!provide]                        PROVIDE (__alt_heap_limit, 0x10000)
OUTPUT(Do.elf elf32-littlenios2)

.debug_ranges   0x0000000000000000      0x190
 .debug_ranges  0x0000000000000000       0x20 ../Do_bsp//obj/HAL/src/crt0.o
 .debug_ranges  0x0000000000000020       0x60 d:/quartus_prime/nios2eds/bin/gnu/h-x86_64-mingw32/bin/../lib/gcc/nios2-elf/5.3.0/mno-hw-mul\libgcc.a(lib2-divmod.o)
 .debug_ranges  0x0000000000000080       0x28 ../Do_bsp/\libhal_bsp.a(alt_irq_entry.o)
 .debug_ranges  0x00000000000000a8       0x10 ../Do_bsp/\libhal_bsp.a(alt_irq_handler.o)
 .debug_ranges  0x00000000000000b8       0x18 ../Do_bsp/\libhal_bsp.a(altera_avalon_jtag_uart_read.o)
 .debug_ranges  0x00000000000000d0       0x30 ../Do_bsp/\libhal_bsp.a(alt_exception_entry.o)
 .debug_ranges  0x0000000000000100       0x18 ../Do_bsp/\libhal_bsp.a(alt_instruction_exception_entry.o)
 .debug_ranges  0x0000000000000118       0x10 d:/quartus_prime/nios2eds/bin/gnu/h-x86_64-mingw32/bin/../lib/gcc/nios2-elf/5.3.0/../../../../../H-x86_64-mingw32/nios2-elf/lib/mno-hw-mul\libsmallc.a(lib_a-atexit.o)
 .debug_ranges  0x0000000000000128       0x10 d:/quartus_prime/nios2eds/bin/gnu/h-x86_64-mingw32/bin/../lib/gcc/nios2-elf/5.3.0/../../../../../H-x86_64-mingw32/nios2-elf/lib/mno-hw-mul\libsmallc.a(lib_a-exit.o)
 .debug_ranges  0x0000000000000138       0x10 d:/quartus_prime/nios2eds/bin/gnu/h-x86_64-mingw32/bin/../lib/gcc/nios2-elf/5.3.0/../../../../../H-x86_64-mingw32/nios2-elf/lib/mno-hw-mul\libsmallc.a(lib_a-memcmp.o)
 .debug_ranges  0x0000000000000148       0x10 d:/quartus_prime/nios2eds/bin/gnu/h-x86_64-mingw32/bin/../lib/gcc/nios2-elf/5.3.0/../../../../../H-x86_64-mingw32/nios2-elf/lib/mno-hw-mul\libsmallc.a(lib_a-strlen.o)
 .debug_ranges  0x0000000000000158       0x10 d:/quartus_prime/nios2eds/bin/gnu/h-x86_64-mingw32/bin/../lib/gcc/nios2-elf/5.3.0/../../../../../H-x86_64-mingw32/nios2-elf/lib/mno-hw-mul\libsmallc.a(lib_a-__atexit.o)
 .debug_ranges  0x0000000000000168       0x28 d:/quartus_prime/nios2eds/bin/gnu/h-x86_64-mingw32/bin/../lib/gcc/nios2-elf/5.3.0/../../../../../H-x86_64-mingw32/nios2-elf/lib/mno-hw-mul\libsmallc.a(lib_a-__call_atexit.o)
